Component: Arm Compiler for Embedded 6.19 Tool: armlink [5e73cb00]

==============================================================================

Section Cross References

    main.o(.text) refers to system_gd32f1x0.o(.text) for SystemCoreClockUpdate
    main.o(.text) refers to system_gd32f1x0.o(.data.SystemCoreClock) for SystemCoreClock
    main.o(.text) refers to setup.o(.text) for Watchdog_init
    main.o(.text) refers to gd32f1x0_gpio.o(.text) for gpio_bit_write
    main.o(.text) refers to gd32f1x0_fwdgt.o(.text) for fwdgt_counter_reload
    main.o(.text) refers to bldc.o(.bss.buzzerFreq) for buzzerFreq
    main.o(.text) refers to it.o(.text) for Delay
    main.o(.text) refers to main.o(.bss.steerCounter) for steerCounter
    main.o(.ARM.exidx) refers to main.o(.text) for [Anonymous Symbol]
    bldc.o(.text) refers to bldc.o(.rodata..L__const.up_or_down.up_down) for .L__const.up_or_down.up_down
    bldc.o(.text) refers to bldc.o(.bss.bldc_enable) for bldc_enable
    bldc.o(.text) refers to bldc.o(.bss.bldc_inputFilterPwm) for bldc_inputFilterPwm
    bldc.o(.text) refers to bldc.o(.bss.offsetcount) for offsetcount
    bldc.o(.text) refers to bldc.o(.bss.adc_buffer) for adc_buffer
    bldc.o(.text) refers to bldc.o(.data.offsetdc) for offsetdc
    bldc.o(.text) refers to bldc.o(.data.batteryVoltage) for batteryVoltage
    bldc.o(.text) refers to bldc.o(.bss.buzzerTimer) for buzzerTimer
    bldc.o(.text) refers to bldc.o(.bss.buzzerFreq) for buzzerFreq
    bldc.o(.text) refers to bldc.o(.bss.buzzerPattern) for buzzerPattern
    bldc.o(.text) refers to gd32f1x0_gpio.o(.text) for gpio_bit_write
    bldc.o(.text) refers to bldc.o(.bss.currentDC) for currentDC
    bldc.o(.text) refers to bldc.o(.bss.hall_c) for hall_c
    bldc.o(.text) refers to it.o(.bss.timedOut) for timedOut
    bldc.o(.text) refers to gd32f1x0_timer.o(.text) for timer_automatic_output_enable
    bldc.o(.text) refers to bldc.o(.bss.hall_a) for hall_a
    bldc.o(.text) refers to bldc.o(.bss.hall_b) for hall_b
    bldc.o(.text) refers to bldc.o(.bss.hall) for hall
    bldc.o(.text) refers to bldc.o(.rodata.hall_to_pos) for hall_to_pos
    bldc.o(.text) refers to bldc.o(.bss.filter_reg) for filter_reg
    bldc.o(.text) refers to bldc.o(.bss.pos) for pos
    bldc.o(.text) refers to bldc.o(.bss.bldc_outputFilterPwm) for bldc_outputFilterPwm
    bldc.o(.text) refers to bldc.o(.bss.buzzerToggle) for buzzerToggle
    bldc.o(.text) refers to bldc.o(.bss.lastPos) for lastPos
    bldc.o(.text) refers to bldc.o(.bss.iOdom) for iOdom
    bldc.o(.text) refers to bldc.o(.bss.speedCounter) for speedCounter
    bldc.o(.text) refers to fflt_clz.o(x$fpl$ffltu) for __aeabi_ui2f
    bldc.o(.text) refers to fdiv.o(x$fpl$fdiv) for __aeabi_fdiv
    bldc.o(.text) refers to bldc.o(.bss.realSpeed) for realSpeed
    bldc.o(.ARM.exidx) refers to bldc.o(.text) for [Anonymous Symbol]
    setup.o(.text) refers to gd32f1x0_misc.o(.text) for nvic_priority_group_set
    setup.o(.text) refers to gd32f1x0_rcu.o(.text) for rcu_flag_get
    setup.o(.text) refers to gd32f1x0_fwdgt.o(.text) for fwdgt_config
    setup.o(.text) refers to gd32f1x0_timer.o(.text) for timer_deinit
    setup.o(.text) refers to setup.o(.bss.timeoutTimer_paramter_struct) for timeoutTimer_paramter_struct
    setup.o(.text) refers to gd32f1x0_gpio.o(.text) for gpio_mode_set
    setup.o(.text) refers to setup.o(.bss.timerBldc_paramter_struct) for timerBldc_paramter_struct
    setup.o(.text) refers to setup.o(.bss.timerBldc_oc_parameter_struct) for timerBldc_oc_parameter_struct
    setup.o(.text) refers to setup.o(.bss.timerBldc_break_parameter_struct) for timerBldc_break_parameter_struct
    setup.o(.text) refers to gd32f1x0_dma.o(.text) for dma_deinit
    setup.o(.text) refers to setup.o(.bss.dma_init_struct_adc) for dma_init_struct_adc
    setup.o(.text) refers to bldc.o(.bss.adc_buffer) for adc_buffer
    setup.o(.text) refers to gd32f1x0_adc.o(.text) for adc_channel_length_config
    setup.o(.text) refers to gd32f1x0_usart.o(.text) for usart_baudrate_set
    setup.o(.text) refers to setup.o(.bss.dma_init_struct_usart) for dma_init_struct_usart
    setup.o(.text) refers to setup.o(.bss.usartMasterSlave_rx_buf) for usartMasterSlave_rx_buf
    setup.o(.text) refers to setup.o(.bss.usartSteer_COM_rx_buf) for usartSteer_COM_rx_buf
    setup.o(.ARM.exidx) refers to setup.o(.text) for [Anonymous Symbol]
    it.o(.text) refers to it.o(.bss.msTicks) for msTicks
    it.o(.text) refers to it.o(.bss.timeoutCounter_ms) for timeoutCounter_ms
    it.o(.text) refers to it.o(.bss.timedOut) for timedOut
    it.o(.text) refers to bldc.o(.text) for SetPWM
    it.o(.text) refers to it.o(.bss.hornCounter_ms) for hornCounter_ms
    it.o(.text) refers to led.o(.text) for SetUpperLEDMaster
    it.o(.text) refers to gd32f1x0_timer.o(.text) for timer_interrupt_flag_clear
    it.o(.text) refers to gd32f1x0_adc.o(.text) for adc_software_trigger_enable
    it.o(.text) refers to gd32f1x0_dma.o(.text) for dma_interrupt_flag_get
[...]
    .ARM.Collect$$libinit$$0000000C          0x080001e8   Section        0  libinit2.o(.ARM.Collect$$libinit$$0000000C)
    .ARM.Collect$$libinit$$0000000E          0x080001e8   Section        0  libinit2.o(.ARM.Collect$$libinit$$0000000E)
    .ARM.Collect$$libinit$$00000010          0x080001e8   Section        0  libinit2.o(.ARM.Collect$$libinit$$00000010)
    .ARM.Collect$$libinit$$00000013          0x080001e8   Section        0  libinit2.o(.ARM.Collect$$libinit$$00000013)
    .ARM.Collect$$libinit$$00000015          0x080001e8   Section        0  libinit2.o(.ARM.Collect$$libinit$$00000015)
    .ARM.Collect$$libinit$$00000017          0x080001e8   Section        0  libinit2.o(.ARM.Collect$$libinit$$00000017)
    .ARM.Collect$$libinit$$00000019          0x080001e8   Section        0  libinit2.o(.ARM.Collect$$libinit$$00000019)
    .ARM.Collect$$libinit$$0000001B          0x080001e8   Section        0  libinit2.o(.ARM.Collect$$libinit$$0000001B)
    .ARM.Collect$$libinit$$0000001D          0x080001e8   Section        0  libinit2.o(.ARM.Collect$$libinit$$0000001D)
    .ARM.Collect$$libinit$$0000001F          0x080001e8   Section        0  libinit2.o(.ARM.Collect$$libinit$$0000001F)
    .ARM.Collect$$libinit$$00000021          0x080001e8   Section        0  libinit2.o(.ARM.Collect$$libinit$$00000021)
    .ARM.Collect$$libinit$$00000023          0x080001e8   Section        0  libinit2.o(.ARM.Collect$$libinit$$00000023)
    .ARM.Collect$$libinit$$00000025          0x080001e8   Section        0  libinit2.o(.ARM.Collect$$libinit$$00000025)
    .ARM.Collect$$libinit$$00000027          0x080001e8   Section        0  libinit2.o(.ARM.Collect$$libinit$$00000027)
    .ARM.Collect$$libinit$$0000002E          0x080001e8   Section        0  libinit2.o(.ARM.Collect$$libinit$$0000002E)
    .ARM.Collect$$libinit$$00000030          0x080001e8   Section        0  libinit2.o(.ARM.Collect$$libinit$$00000030)
    .ARM.Collect$$libinit$$00000032          0x080001e8   Section        0  libinit2.o(.ARM.Collect$$libinit$$00000032)
    .ARM.Collect$$libinit$$00000034          0x080001e8   Section        0  libinit2.o(.ARM.Collect$$libinit$$00000034)
    .ARM.Collect$$libinit$$00000035          0x080001e8   Section        2  libinit2.o(.ARM.Collect$$libinit$$00000035)
    .ARM.Collect$$libshutdown$$00000000      0x080001ea   Section        2  libshutdown.o(.ARM.Collect$$libshutdown$$00000000)
    .ARM.Collect$$libshutdown$$00000002      0x080001ec   Section        0  libshutdown2.o(.ARM.Collect$$libshutdown$$00000002)
    .ARM.Collect$$libshutdown$$00000004      0x080001ec   Section        0  libshutdown2.o(.ARM.Collect$$libshutdown$$00000004)
    .ARM.Collect$$libshutdown$$00000007      0x080001ec   Section        0  libshutdown2.o(.ARM.Collect$$libshutdown$$00000007)
    .ARM.Collect$$libshutdown$$0000000A      0x080001ec   Section        0  libshutdown2.o(.ARM.Collect$$libshutdown$$0000000A)
    .ARM.Collect$$libshutdown$$0000000C      0x080001ec   Section        0  libshutdown2.o(.ARM.Collect$$libshutdown$$0000000C)
    .ARM.Collect$$libshutdown$$0000000F      0x080001ec   Section        0  libshutdown2.o(.ARM.Collect$$libshutdown$$0000000F)
    .ARM.Collect$$libshutdown$$00000010      0x080001ec   Section        2  libshutdown2.o(.ARM.Collect$$libshutdown$$00000010)
    .ARM.Collect$$rtentry$$00000000          0x080001ee   Section        0  __rtentry.o(.ARM.Collect$$rtentry$$00000000)
    .ARM.Collect$$rtentry$$00000002          0x080001ee   Section        0  __rtentry2.o(.ARM.Collect$$rtentry$$00000002)
    .ARM.Collect$$rtentry$$00000004          0x080001ee   Section        6  __rtentry4.o(.ARM.Collect$$rtentry$$00000004)
    .ARM.Collect$$rtentry$$00000009          0x080001f4   Section        0  __rtentry2.o(.ARM.Collect$$rtentry$$00000009)
    .ARM.Collect$$rtentry$$0000000A          0x080001f4   Section        4  __rtentry2.o(.ARM.Collect$$rtentry$$0000000A)
    .ARM.Collect$$rtentry$$0000000C          0x080001f8   Section        0  __rtentry2.o(.ARM.Collect$$rtentry$$0000000C)
    .ARM.Collect$$rtentry$$0000000D          0x080001f8   Section        8  __rtentry2.o(.ARM.Collect$$rtentry$$0000000D)
    .ARM.Collect$$rtexit$$00000000           0x08000200   Section        2  rtexit.o(.ARM.Collect$$rtexit$$00000000)
    .ARM.Collect$$rtexit$$00000002           0x08000202   Section        0  rtexit2.o(.ARM.Collect$$rtexit$$00000002)
    .ARM.Collect$$rtexit$$00000003           0x08000202   Section        4  rtexit2.o(.ARM.Collect$$rtexit$$00000003)
    .ARM.Collect$$rtexit$$00000004           0x08000206   Section        6  rtexit2.o(.ARM.Collect$$rtexit$$00000004)
    [Anonymous Symbol]                       0x0800020c   Section        0  main.o(.text)
    [Anonymous Symbol]                       0x080002e4   Section        0  bldc.o(.text)
    [Anonymous Symbol]                       0x080006e8   Section        0  setup.o(.text)
    [Anonymous Symbol]                       0x08000e94   Section        0  it.o(.text)
    [Anonymous Symbol]                       0x08000fe8   Section        0  comms.o(.text)
    [Anonymous Symbol]                       0x08001054   Section        0  commsbluetooth.o(.text)
    [Anonymous Symbol]                       0x08001374   Section        0  commsmasterslave.o(.text)
    [Anonymous Symbol]                       0x080015ec   Section        0  led.o(.text)
    [Anonymous Symbol]                       0x08001c70   Section        0  gd32f1x0_adc.o(.text)
    [Anonymous Symbol]                       0x08002218   Section        0  gd32f1x0_dma.o(.text)
    [Anonymous Symbol]                       0x08002564   Section        0  gd32f1x0_fwdgt.o(.text)
    [Anonymous Symbol]                       0x08002640   Section        0  gd32f1x0_gpio.o(.text)
    [Anonymous Symbol]                       0x080027d8   Section        0  gd32f1x0_misc.o(.text)
    [Anonymous Symbol]                       0x08002908   Section        0  gd32f1x0_rcu.o(.text)
    [Anonymous Symbol]                       0x08003038   Section        0  gd32f1x0_timer.o(.text)
    [Anonymous Symbol]                       0x08003d98   Section        0  gd32f1x0_usart.o(.text)
    .text                                    0x080043d8   Section       64  startup_gd32f1x0.o(.text)
    [Anonymous Symbol]                       0x08004418   Section        0  system_gd32f1x0.o(.text)
    .text                                    0x08004554   Section        0  noretval__2sprintf.o(.text)
    .text                                    0x0800457c   Section        0  _printf_pad.o(.text)
    .text                                    0x080045cc   Section        0  _printf_dec.o(.text)
    .text                                    0x08004644   Section        0  __printf_flags_wp.o(.text)
    .text                                    0x0800477c   Section        0  heapauxi.o(.text)
    .text                                    0x08004782   Section        0  _printf_intcommon.o(.text)
    _printf_input_char                       0x08004835   Thumb Code    10  _printf_char_common.o(.text)
    .text                                    0x08004834   Section        0  _printf_char_common.o(.text)
    .text                                    0x08004864   Section        0  _sputc.o(.text)
    .text                                    0x0800486e   Section       74  sys_stackheap_outer.o(.text)
    .text                                    0x080048b8   Section        0  exit.o(.text)
    .text                                    0x080048cc   Section        8  libspace.o(.text)
    .text                                    0x080048d4   Section        0  sys_exit.o(.text)
    .text                                    0x080048e0   Section        2  use_no_semi.o(.text)
    .text                                    0x080048e2   Section        0  indicate_semi.o(.text)
    i._is_digit                              0x080048e2   Section        0  __printf_wp.o(i._is_digit)
    _fdiv1                                   0x080048f1   Thumb Code     0  fdiv.o(x$fpl$fdiv)
    x$fpl$fdiv                               0x080048f0   Section      388  fdiv.o(x$fpl$fdiv)
    x$fpl$ffix                               0x08004a74   Section       54  ffix.o(x$fpl$ffix)
    x$fpl$ffltu                              0x08004aac   Section       38  fflt_clz.o(x$fpl$ffltu)
    x$fpl$fmul                               0x08004ad4   Section      258  fmul.o(x$fpl$fmul)
    x$fpl$fnaninf                            0x08004bd6   Section      140  fnaninf.o(x$fpl$fnaninf)
    x$fpl$fretinf                            0x08004c62   Section       10  fretinf.o(x$fpl$fretinf)
    maptable                                 0x08004c6c   Data          17  __printf_flags_wp.o(.constdata)
    .constdata                               0x08004c6c   Section       17  __printf_flags_wp.o(.constdata)
    x$fpl$usenofp                            0x08004c6c   Section        0  usenofp.o(x$fpl$usenofp)
    .L__const.up_or_down.up_down             0x08004c7e   Data          12  bldc.o(.rodata..L__const.up_or_down.up_down)
    .Lswitch.table.CheckGeneralValue         0x08004c8c   Data          12  commsmasterslave.o(.rodata..Lswitch.table.CheckGeneralValue)
    .Lswitch.table.gpio_deinit.1             0x08004c98   Data          12  gd32f1x0_gpio.o(.rodata..Lswitch.table.gpio_deinit.1)
    .L__const.rcu_clock_freq_get.apb2_exp    0x08004ca4   Data           8  gd32f1x0_rcu.o(.rodata.cst8)
    .L.str                                   0x08004cb4   Data           5  commsbluetooth.o(.rodata.str1.1)
    [Anonymous Symbol]                       0x08004cb4   Section        0  commsbluetooth.o(.rodata.str1.1)
    .L.str.1                                 0x08004cb9   Data           5  commsbluetooth.o(.rodata.str1.1)
    su8BrightnessTable                       0x08004cbe   Data          64  led.o(.rodata.su8BrightnessTable)
    brightnessValue                          0x20000008   Data           1  led.o(.data.brightnessValue)
    iReceivePos                              0x2000000a   Data           2  commsmasterslave.o(.data.iReceivePos)
    saturationValue                          0x2000000e   Data           1  led.o(.data.saturationValue)
    speedBlink                               0x20000010   Data           2  led.o(.data.speedBlink)
    speedFading                              0x20000012   Data           2  led.o(.data.speedFading)
    speedStrobe                              0x20000014   Data           2  led.o(.data.speedStrobe)
    .bss                                     0x20000018   Section       96  libspace.o(.bss)
    aReceiveBuffer                           0x20000078   Data           9  commsmasterslave.o(.bss.aReceiveBuffer)
    blinkCounter                             0x2000008e   Data           2  led.o(.bss.blinkCounter)
    fadingCounter                            0x200000e8   Data           2  led.o(.bss.fadingCounter)
    hueValue                                 0x200000f8   Data           2  led.o(.bss.hueValue)
    sBluetoothRecord                         0x20000112   Data           1  commsbluetooth.o(.bss.sBluetoothRecord)
    sLEDProgram                              0x20000113   Data           1  led.o(.bss.sLEDProgram)
    sUSARTBluetoothRecordBuffer              0x20000114   Data          11  commsbluetooth.o(.bss.sUSARTBluetoothRecordBuffer)
    sUSARTBluetoothRecordBufferCounter       0x2000011f   Data           1  commsbluetooth.o(.bss.sUSARTBluetoothRecordBufferCounter)
    strobeCounter                            0x2000012c   Data           2  led.o(.bss.strobeCounter)
    strobeToggle                             0x2000012e   Data           1  led.o(.bss.strobeToggle)
    Heap_Mem                                 0x20000180   Data        1024  startup_gd32f1x0.o(HEAP)
    HEAP                                     0x20000180   Section     1024  startup_gd32f1x0.o(HEAP)
    Stack_Mem                                0x20000580   Data        1024  startup_gd32f1x0.o(STACK)
    STACK                                    0x20000580   Section     1024  startup_gd32f1x0.o(STACK)
    __initial_sp                             0x20000980   Data           0  startup_gd32f1x0.o(STACK)

    Global Symbols

    Symbol Name                              Value     Ov Type        Size  Object(Section)

    BuildAttributes$$THM_ISAv4$P$D$K$B$S$PE$A:L22UL41UL21$X:L11$S22US41US21$IEEE1$IW$~IW$USESV6$~STKCKD$USESV7$~SHL$OTIME$ROPI$EBA8$UX$STANDARDLIB$REQ8$PRES8$EABIv2 0x00000000   Number         0  anon$$obj.o ABSOLUTE
    __fp_init_empty                          0x00000000   Number         0  fpinit_empty.o ABSOLUTE
    _printf_flags                            0x00000000   Number         0  printf_stubs.o ABSOLUTE
    _printf_return_value                     0x00000000   Number         0  printf_stubs.o ABSOLUTE
    _printf_sizespec                         0x00000000   Number         0  printf_stubs.o ABSOLUTE
    _printf_widthprec                        0x00000000   Number         0  printf_stubs.o ABSOLUTE
    __ARM_exceptions_init                     - Undefined Weak Reference
    __alloca_initialize                       - Undefined Weak Reference
    __arm_preinit_                            - Undefined Weak Reference
    __arm_relocate_pie_                       - Undefined Weak Reference
    __cpp_initialize__aeabi_                  - Undefined Weak Reference
    __cxa_finalize                            - Undefined Weak Reference
    __rt_locale                               - Undefined Weak Reference
    __sigvec_lookup                           - Undefined Weak Reference
    _atexit_init                              - Undefined Weak Reference
    _call_atexit_fns                          - Undefined Weak Reference
    _clock_init                               - Undefined Weak Reference
    _fp_trap_init                             - Undefined Weak Reference
    _fp_trap_shutdown                         - Undefined Weak Reference
    _get_lc_collate                           - Undefined Weak Reference
    _get_lc_ctype                             - Undefined Weak Reference
    _get_lc_monetary                          - Undefined Weak Reference
    _get_lc_numeric                           - Undefined Weak Reference
    _get_lc_time                              - Undefined Weak Reference
    _getenv_init                              - Undefined Weak Reference
    _handle_redirection                       - Undefined Weak Reference
    _init_alloc                               - Undefined Weak Reference
    _init_user_alloc                          - Undefined Weak Reference
    _initio                                   - Undefined Weak Reference
    _printf_truncate_signed                   - Undefined Weak Reference
    _printf_truncate_unsigned                 - Undefined Weak Reference
    _rand_init                                - Undefined Weak Reference
    _signal_finish                            - Undefined Weak Reference
    _signal_init                              - Undefined Weak Reference
    _terminate_alloc                          - Undefined Weak Reference
    _terminate_user_alloc                     - Undefined Weak Reference
    _terminateio                              - Undefined Weak Reference
    __Vectors_Size                           0x00000168   Number         0  startup_gd32f1x0.o ABSOLUTE
    __Vectors                                0x08000000   Data           4  startup_gd32f1x0.o(RESET)
    __Vectors_End                            0x08000168   Data           0  startup_gd32f1x0.o(RESET)
    __main                                   0x08000169   Thumb Code     8  __main.o(!!!main)
    __scatterload                            0x08000171   Thumb Code     0  __scatter.o(!!!scatter)
    __scatterload_rt2                        0x08000171   Thumb Code    44  __scatter.o(!!!scatter)
    __scatterload_rt2_thumb_only             0x08000171   Thumb Code     0  __scatter.o(!!!scatter)
    __scatterload_null                       0x0800017f   Thumb Code     0  __scatter.o(!!!scatter)
    __scatterload_copy                       0x080001a5   Thumb Code    26  __scatter_copy.o(!!handler_copy)
    __scatterload_zeroinit                   0x080001c1   Thumb Code    28  __scatter_zi.o(!!handler_zi)
    _printf_d                                0x080001dd   Thumb Code     0  _printf_d.o(.ARM.Collect$$_printf_percent$$00000009)
    _printf_percent                          0x080001dd   Thumb Code     0  _printf_percent.o(.ARM.Collect$$_printf_percent$$00000000)
    _printf_percent_end                      0x080001e3   Thumb Code     0  _printf_percent_end.o(.ARM.Collect$$_printf_percent$$00000017)
    __rt_lib_init                            0x080001e7   Thumb Code     0  libinit.o(.ARM.Collect$$libinit$$00000000)
    __rt_lib_init_alloca_1                   0x080001e9   Thumb Code     0  libinit2.o(.ARM.Collect$$libinit$$00000030)
    __rt_lib_init_argv_1                     0x080001e9   Thumb Code     0  libinit2.o(.ARM.Collect$$libinit$$0000002E)
    __rt_lib_init_atexit_1                   0x080001e9   Thumb Code     0  libinit2.o(.ARM.Collect$$libinit$$0000001D)
    __rt_lib_init_clock_1                    0x080001e9   Thumb Code     0  libinit2.o(.ARM.Collect$$libinit$$00000023)
    __rt_lib_init_cpp_1                      0x080001e9   Thumb Code     0  libinit2.o(.ARM.Collect$$libinit$$00000034)
    __rt_lib_init_exceptions_1               0x080001e9   Thumb Code     0  libinit2.o(.ARM.Collect$$libinit$$00000032)
    __rt_lib_init_fp_1                       0x080001e9   Thumb Code     0  libinit2.o(.ARM.Collect$$libinit$$00000002)
    __rt_lib_init_fp_trap_1                  0x080001e9   Thumb Code     0  libinit2.o(.ARM.Collect$$libinit$$00000021)
    __rt_lib_init_getenv_1                   0x080001e9   Thumb Code     0  libinit2.o(.ARM.Collect$$libinit$$00000025)
    __rt_lib_init_heap_1                     0x080001e9   Thumb Code     0  libinit2.o(.ARM.Collect$$libinit$$0000000C)
    __rt_lib_init_lc_collate_1               0x080001e9   Thumb Code     0  libinit2.o(.ARM.Collect$$libinit$$00000013)
    __rt_lib_init_lc_ctype_1                 0x080001e9   Thumb Code     0  libinit2.o(.ARM.Collect$$libinit$$00000015)
    __rt_lib_init_lc_monetary_1              0x080001e9   Thumb Code     0  libinit2.o(.ARM.Collect$$libinit$$00000017)
    __rt_lib_init_lc_numeric_1               0x080001e9   Thumb Code     0  libinit2.o(.ARM.Collect$$libinit$$00000019)
    __rt_lib_init_lc_time_1                  0x080001e9   Thumb Code     0  libinit2.o(.ARM.Collect$$libinit$$0000001B)
    __rt_lib_init_preinit_1                  0x080001e9   Thumb Code     0  libinit2.o(.ARM.Collect$$libinit$$00000006)
    __rt_lib_init_rand_1                     0x080001e9   Thumb Code     0  libinit2.o(.ARM.Collect$$libinit$$00000010)
    __rt_lib_init_relocate_pie_1             0x080001e9   Thumb Code     0  libinit2.o(.ARM.Collect$$libinit$$00000004)
    __rt_lib_init_return                     0x080001e9   Thumb Code     0  libinit2.o(.ARM.Collect$$libinit$$00000035)
    __rt_lib_init_signal_1                   0x080001e9   Thumb Code     0  libinit2.o(.ARM.Collect$$libinit$$0000001F)
    __rt_lib_init_stdio_1                    0x080001e9   Thumb Code     0  libinit2.o(.ARM.Collect$$libinit$$00000027)
    __rt_lib_init_user_alloc_1               0x080001e9   Thumb Code     0  libinit2.o(.ARM.Collect$$libinit$$0000000E)
    __rt_lib_shutdown                        0x080001eb   Thumb Code     0  libshutdown.o(.ARM.Collect$$libshutdown$$00000000)
    __rt_lib_shutdown_cpp_1                  0x080001ed   Thumb Code     0  libshutdown2.o(.ARM.Collect$$libshutdown$$00000002)
    __rt_lib_shutdown_fp_trap_1              0x080001ed   Thumb Code     0  libshutdown2.o(.ARM.Collect$$libshutdown$$00000007)
    __rt_lib_shutdown_heap_1                 0x080001ed   Thumb Code     0  libshutdown2.o(.ARM.Collect$$libshutdown$$0000000F)
    __rt_lib_shutdown_return                 0x080001ed   Thumb Code     0  libshutdown2.o(.ARM.Collect$$libshutdown$$00000010)
    __rt_lib_shutdown_signal_1               0x080001ed   Thumb Code     0  libshutdown2.o(.ARM.Collect$$libshutdown$$0000000A)
    __rt_lib_shutdown_stdio_1                0x080001ed   Thumb Code     0  libshutdown2.o(.ARM.Collect$$libshutdown$$00000004)
    __rt_lib_shutdown_user_alloc_1           0x080001ed   Thumb Code     0  libshutdown2.o(.ARM.Collect$$libshutdown$$0000000C)
    __rt_entry                               0x080001ef   Thumb Code     0  __rtentry.o(.ARM.Collect$$rtentry$$00000000)
    __rt_entry_presh_1                       0x080001ef   Thumb Code     0  __rtentry2.o(.ARM.Collect$$rtentry$$00000002)
    __rt_entry_sh                            0x080001ef   Thumb Code     0  __rtentry4.o(.ARM.Collect$$rtentry$$00000004)
    __rt_entry_li                            0x080001f5   Thumb Code     0  __rtentry2.o(.ARM.Collect$$rtentry$$0000000A)
    __rt_entry_postsh_1                      0x080001f5   Thumb Code     0  __rtentry2.o(.ARM.Collect$$rtentry$$00000009)
    __rt_entry_main                          0x080001f9   Thumb Code     0  __rtentry2.o(.ARM.Collect$$rtentry$$0000000D)
    __rt_entry_postli_1                      0x080001f9   Thumb Code     0  __rtentry2.o(.ARM.Collect$$rtentry$$0000000C)
    __rt_exit                                0x08000201   Thumb Code     0  rtexit.o(.ARM.Collect$$rtexit$$00000000)
    __rt_exit_ls                             0x08000203   Thumb Code     0  rtexit2.o(.ARM.Collect$$rtexit$$00000003)
    __rt_exit_prels_1                        0x08000203   Thumb Code     0  rtexit2.o(.ARM.Collect$$rtexit$$00000002)
    __rt_exit_exit                           0x08000207   Thumb Code     0  rtexit2.o(.ARM.Collect$$rtexit$$00000004)
    main                                     0x0800020d   Thumb Code   214  main.o(.text)
    modulo                                   0x080002e5   Thumb Code    22  bldc.o(.text)
    up_or_down                               0x080002fd   Thumb Code    60  bldc.o(.text)
    blockPWM                                 0x08000339   Thumb Code   102  bldc.o(.text)
    SetEnable                                0x080003a1   Thumb Code    12  bldc.o(.text)
    SetPWM                                   0x080003ad   Thumb Code    38  bldc.o(.text)
    CalculateBLDC                            0x080003d5   Thumb Code   788  bldc.o(.text)
    Interrupt_init                           0x080006e9   Thumb Code     8  setup.o(.text)
    Watchdog_init                            0x080006f1   Thumb Code    56  setup.o(.text)
    TimeoutTimer_init                        0x08000729   Thumb Code    92  setup.o(.text)
    GPIO_init                                0x08000785   Thumb Code   796  setup.o(.text)
    PWM_init                                 0x08000aa1   Thumb Code   368  setup.o(.text)
    ADC_init                                 0x08000c11   Thumb Code   234  setup.o(.text)
    USART_MasterSlave_init                   0x08000cfd   Thumb Code   204  setup.o(.text)
    USART_Steer_COM_init                     0x08000dc9   Thumb Code   204  setup.o(.text)
    SysTick_Handler                          0x08000e95   Thumb Code    16  it.o(.text)
    ResetTimeout                             0x08000ea5   Thumb Code    14  it.o(.text)
    TIMER13_IRQHandler                       0x08000eb5   Thumb Code   108  it.o(.text)
    TIMER0_BRK_UP_TRG_COM_IRQHandler         0x08000f21   Thumb Code    26  it.o(.text)
    DMA_Channel0_IRQHandler                  0x08000f3d   Thumb Code    36  it.o(.text)
    DMA_Channel1_2_IRQHandler                0x08000f61   Thumb Code    32  it.o(.text)
    DMA_Channel3_4_IRQHandler                0x08000f81   Thumb Code    32  it.o(.text)
    millis                                   0x08000fa1   Thumb Code    12  it.o(.text)
    Delay                                    0x08000fad   Thumb Code    28  it.o(.text)
    NMI_Handler                              0x08000fc9   Thumb Code     2  it.o(.text)
    HardFault_Handler                        0x08000fcd   Thumb Code     2  it.o(.text)
    MemManage_Handler                        0x08000fd1   Thumb Code     2  it.o(.text)
    BusFault_Handler                         0x08000fd5   Thumb Code     2  it.o(.text)
    UsageFault_Handler                       0x08000fd9   Thumb Code     2  it.o(.text)
    SVC_Handler                              0x08000fdd   Thumb Code     2  it.o(.text)
    DebugMon_Handler                         0x08000fe1   Thumb Code     2  it.o(.text)
    PendSV_Handler                           0x08000fe5   Thumb Code     2  it.o(.text)
    SendBuffer                               0x08000fe9   Thumb Code    48  comms.o(.text)
    CalcCRC                                  0x08001019   Thumb Code    60  comms.o(.text)
    UpdateUSARTBluetoothInput                0x08001055   Thumb Code   102  commsbluetooth.o(.text)
    CheckUSARTBluetoothInput                 0x080010bd   Thumb Code   576  commsbluetooth.o(.text)
    SendBluetoothDevice                      0x080012fd   Thumb Code   118  commsbluetooth.o(.text)
    GetCurrentDCMaster                       0x08001375   Thumb Code    14  commsmasterslave.o(.text)
    GetBatteryMaster                         0x08001385   Thumb Code    14  commsmasterslave.o(.text)
    GetRealSpeedMaster                       0x08001395   Thumb Code    14  commsmasterslave.o(.text)
    SetBeepsBackwardsMaster                  0x080013a5   Thumb Code    12  commsmasterslave.o(.text)
    GetBeepsBackwardsMaster                  0x080013b1   Thumb Code    12  commsmasterslave.o(.text)
    UpdateUSARTMasterSlaveInput              0x080013bd   Thumb Code   102  commsmasterslave.o(.text)
    ProessReceived                           0x08001425   Thumb Code   302  commsmasterslave.o(.text)
    CheckGeneralValue                        0x08001555   Thumb Code    24  commsmasterslave.o(.text)
    SendMaster                               0x0800156d   Thumb Code   102  commsmasterslave.o(.text)
    SetMosfetOutMaster                       0x080015d5   Thumb Code    12  commsmasterslave.o(.text)
    GetMosfetOutMaster                       0x080015e1   Thumb Code    12  commsmasterslave.o(.text)
    CalculateLEDPWM                          0x080015ed   Thumb Code   156  led.o(.text)
    CalculateLEDProgram                      0x08001689   Thumb Code   202  led.o(.text)
    GetRGBProgram                            0x08001755   Thumb Code    12  led.o(.text)
    GetSpeedFading                           0x08001761   Thumb Code    12  led.o(.text)
    SetHSBHue                                0x0800176d   Thumb Code   262  led.o(.text)
    GetHSBHue                                0x08001875   Thumb Code    12  led.o(.text)
    GetSpeedBlink                            0x08001881   Thumb Code    12  led.o(.text)
    GetSpeedStrobe                           0x0800188d   Thumb Code    12  led.o(.text)
    SetHSBBrightness                         0x08001899   Thumb Code   268  led.o(.text)
    SetRGBProgram                            0x080019a5   Thumb Code   104  led.o(.text)
    SetHSBSaturation                         0x08001a0d   Thumb Code   268  led.o(.text)
    HSBtoRed                                 0x08001b19   Thumb Code    62  led.o(.text)
    HSBtoGreen                               0x08001b59   Thumb Code    60  led.o(.text)
    HSBtoBlue                                0x08001b95   Thumb Code    60  led.o(.text)
    GetHSBSaturation                         0x08001bd1   Thumb Code    12  led.o(.text)
    GetHSBBrightness                         0x08001bdd   Thumb Code    12  led.o(.text)
    SetSpeedFading                           0x08001be9   Thumb Code    28  led.o(.text)
    SetSpeedBlink                            0x08001c05   Thumb Code    32  led.o(.text)
    SetSpeedStrobe                           0x08001c25   Thumb Code    28  led.o(.text)
    SetUpperLEDMaster                        0x08001c41   Thumb Code    12  led.o(.text)
    GetUpperLEDMaster                        0x08001c4d   Thumb Code    12  led.o(.text)
    SetLowerLEDMaster                        0x08001c59   Thumb Code    12  led.o(.text)
    GetLowerLEDMaster                        0x08001c65   Thumb Code    12  led.o(.text)
    adc_deinit                               0x08001c71   Thumb Code    22  gd32f1x0_adc.o(.text)
    adc_enable                               0x08001c89   Thumb Code    26  gd32f1x0_adc.o(.text)
    adc_disable                              0x08001ca5   Thumb Code    18  gd32f1x0_adc.o(.text)
    adc_calibration_enable                   0x08001cb9   Thumb Code    40  gd32f1x0_adc.o(.text)
    adc_dma_mode_enable                      0x08001ce1   Thumb Code    18  gd32f1x0_adc.o(.text)
    adc_dma_mode_disable                     0x08001cf5   Thumb Code    18  gd32f1x0_adc.o(.text)
    adc_tempsensor_vrefint_enable            0x08001d09   Thumb Code    18  gd32f1x0_adc.o(.text)
    adc_tempsensor_vrefint_disable           0x08001d1d   Thumb Code    18  gd32f1x0_adc.o(.text)
    adc_vbat_enable                          0x08001d31   Thumb Code    18  gd32f1x0_adc.o(.text)
    adc_vbat_disable                         0x08001d45   Thumb Code    18  gd32f1x0_adc.o(.text)
    adc_discontinuous_mode_config            0x08001d59   Thumb Code    68  gd32f1x0_adc.o(.text)
    adc_special_function_config              0x08001d9d   Thumb Code   100  gd32f1x0_adc.o(.text)
    adc_data_alignment_config                0x08001e01   Thumb Code    26  gd32f1x0_adc.o(.text)
    adc_channel_length_config                0x08001e1d   Thumb Code    82  gd32f1x0_adc.o(.text)
    adc_regular_channel_config               0x08001e71   Thumb Code   180  gd32f1x0_adc.o(.text)
    adc_inserted_channel_config              0x08001f25   Thumb Code   114  gd32f1x0_adc.o(.text)
    adc_inserted_channel_offset_config       0x08001f99   Thumb Code    32  gd32f1x0_adc.o(.text)
    adc_external_trigger_config              0x08001fb9   Thumb Code    72  gd32f1x0_adc.o(.text)
    adc_external_trigger_source_config       0x08002001   Thumb Code    42  gd32f1x0_adc.o(.text)
    adc_software_trigger_enable              0x0800202d   Thumb Code    36  gd32f1x0_adc.o(.text)
    adc_regular_data_read                    0x08002051   Thumb Code    14  gd32f1x0_adc.o(.text)
    adc_inserted_data_read                   0x08002061   Thumb Code    74  gd32f1x0_adc.o(.text)
    adc_flag_get                             0x080020ad   Thumb Code    18  gd32f1x0_adc.o(.text)
    adc_flag_clear                           0x080020c1   Thumb Code    18  gd32f1x0_adc.o(.text)
    adc_interrupt_flag_get                   0x080020d5   Thumb Code    56  gd32f1x0_adc.o(.text)
    adc_interrupt_flag_clear                 0x0800210d   Thumb Code    18  gd32f1x0_adc.o(.text)
    adc_interrupt_enable                     0x08002121   Thumb Code    48  gd32f1x0_adc.o(.text)
    adc_interrupt_disable                    0x08002151   Thumb Code    48  gd32f1x0_adc.o(.text)
    adc_watchdog_single_channel_enable       0x08002181   Thumb Code    42  gd32f1x0_adc.o(.text)
    adc_watchdog_group_channel_enable        0x080021ad   Thumb Code    48  gd32f1x0_adc.o(.text)
    adc_watchdog_disable                     0x080021e9   Thumb Code    24  gd32f1x0_adc.o(.text)
    adc_watchdog_threshold_config            0x08002201   Thumb Code    22  gd32f1x0_adc.o(.text)
    dma_deinit                               0x08002219   Thumb Code    48  gd32f1x0_dma.o(.text)
    dma_struct_para_init                     0x08002249   Thumb Code    24  gd32f1x0_dma.o(.text)
    dma_init                                 0x08002261   Thumb Code   122  gd32f1x0_dma.o(.text)
    dma_circulation_enable                   0x080022dd   Thumb Code    24  gd32f1x0_dma.o(.text)
    dma_circulation_disable                  0x080022f5   Thumb Code    24  gd32f1x0_dma.o(.text)
    dma_memory_to_memory_enable              0x0800230d   Thumb Code    24  gd32f1x0_dma.o(.text)
    dma_memory_to_memory_disable             0x08002325   Thumb Code    24  gd32f1x0_dma.o(.text)
    dma_channel_enable                       0x0800233d   Thumb Code    24  gd32f1x0_dma.o(.text)
    dma_channel_disable                      0x08002355   Thumb Code    24  gd32f1x0_dma.o(.text)
    dma_periph_address_config                0x0800236d   Thumb Code    16  gd32f1x0_dma.o(.text)
    dma_memory_address_config                0x0800237d   Thumb Code    16  gd32f1x0_dma.o(.text)
    dma_transfer_number_config               0x0800238d   Thumb Code    16  gd32f1x0_dma.o(.text)
    dma_transfer_number_get                  0x0800239d   Thumb Code    16  gd32f1x0_dma.o(.text)
    dma_priority_config                      0x080023ad   Thumb Code    26  gd32f1x0_dma.o(.text)
    dma_memory_width_config                  0x080023c9   Thumb Code    26  gd32f1x0_dma.o(.text)
    dma_periph_width_config                  0x080023e5   Thumb Code    26  gd32f1x0_dma.o(.text)
    dma_memory_increase_enable               0x08002401   Thumb Code    24  gd32f1x0_dma.o(.text)
    dma_memory_increase_disable              0x08002419   Thumb Code    24  gd32f1x0_dma.o(.text)
    dma_periph_increase_enable               0x08002431   Thumb Code    24  gd32f1x0_dma.o(.text)
    dma_periph_increase_disable              0x08002449   Thumb Code    24  gd32f1x0_dma.o(.text)
    dma_transfer_direction_config            0x08002461   Thumb Code    30  gd32f1x0_dma.o(.text)
    dma_interrupt_flag_get                   0x08002481   Thumb Code   116  gd32f1x0_dma.o(.text)
    dma_interrupt_flag_clear                 0x080024f5   Thumb Code    20  gd32f1x0_dma.o(.text)
    dma_interrupt_enable                     0x08002509   Thumb Code    22  gd32f1x0_dma.o(.text)
    dma_interrupt_disable                    0x08002521   Thumb Code    24  gd32f1x0_dma.o(.text)
    dma_flag_get                             0x08002539   Thumb Code    22  gd32f1x0_dma.o(.text)
    dma_flag_clear                           0x08002551   Thumb Code    20  gd32f1x0_dma.o(.text)
    fwdgt_write_disable                      0x08002565   Thumb Code    14  gd32f1x0_fwdgt.o(.text)
    fwdgt_counter_reload                     0x08002575   Thumb Code    16  gd32f1x0_fwdgt.o(.text)
    fwdgt_enable                             0x08002585   Thumb Code    16  gd32f1x0_fwdgt.o(.text)
    fwdgt_window_value_config                0x08002595   Thumb Code    52  gd32f1x0_fwdgt.o(.text)
    fwdgt_config                             0x080025c9   Thumb Code   100  gd32f1x0_fwdgt.o(.text)
    fwdgt_flag_get                           0x0800262d   Thumb Code    18  gd32f1x0_fwdgt.o(.text)
    gpio_deinit                              0x08002641   Thumb Code    58  gd32f1x0_gpio.o(.text)
    gpio_mode_set                            0x0800267d   Thumb Code    84  gd32f1x0_gpio.o(.text)
    gpio_output_options_set                  0x080026d1   Thumb Code    70  gd32f1x0_gpio.o(.text)
    gpio_bit_set                             0x08002719   Thumb Code     4  gd32f1x0_gpio.o(.text)
    gpio_bit_reset                           0x0800271d   Thumb Code     4  gd32f1x0_gpio.o(.text)
    gpio_bit_write                           0x08002721   Thumb Code    12  gd32f1x0_gpio.o(.text)
    gpio_port_write                          0x0800272d   Thumb Code     4  gd32f1x0_gpio.o(.text)
    gpio_input_bit_get                       0x08002731   Thumb Code    10  gd32f1x0_gpio.o(.text)
    gpio_input_port_get                      0x0800273d   Thumb Code     6  gd32f1x0_gpio.o(.text)
    gpio_output_bit_get                      0x08002745   Thumb Code    10  gd32f1x0_gpio.o(.text)
    gpio_output_port_get                     0x08002751   Thumb Code     6  gd32f1x0_gpio.o(.text)
    gpio_af_set                              0x08002759   Thumb Code   110  gd32f1x0_gpio.o(.text)
    gpio_pin_lock                            0x080027c9   Thumb Code    16  gd32f1x0_gpio.o(.text)
    nvic_priority_group_set                  0x080027d9   Thumb Code    20  gd32f1x0_misc.o(.text)
    nvic_irq_enable                          0x080027ed   Thumb Code   168  gd32f1x0_misc.o(.text)
    nvic_irq_disable                         0x08002895   Thumb Code    30  gd32f1x0_misc.o(.text)
    nvic_vector_table_set                    0x080028b5   Thumb Code    24  gd32f1x0_misc.o(.text)
    system_lowpower_set                      0x080028cd   Thumb Code    16  gd32f1x0_misc.o(.text)
    system_lowpower_reset                    0x080028dd   Thumb Code    18  gd32f1x0_misc.o(.text)
    systick_clksource_set                    0x080028f1   Thumb Code    24  gd32f1x0_misc.o(.text)
    rcu_deinit                               0x08002909   Thumb Code   112  gd32f1x0_rcu.o(.text)
    rcu_periph_clock_enable                  0x08002979   Thumb Code    30  gd32f1x0_rcu.o(.text)
    rcu_periph_clock_disable                 0x08002999   Thumb Code    32  gd32f1x0_rcu.o(.text)
    rcu_periph_clock_sleep_enable            0x080029b9   Thumb Code    30  gd32f1x0_rcu.o(.text)
    rcu_periph_clock_sleep_disable           0x080029d9   Thumb Code    32  gd32f1x0_rcu.o(.text)
    rcu_periph_reset_enable                  0x080029f9   Thumb Code    30  gd32f1x0_rcu.o(.text)
    rcu_periph_reset_disable                 0x08002a19   Thumb Code    32  gd32f1x0_rcu.o(.text)
    rcu_bkp_reset_enable                     0x08002a39   Thumb Code    18  gd32f1x0_rcu.o(.text)
    rcu_bkp_reset_disable                    0x08002a4d   Thumb Code    18  gd32f1x0_rcu.o(.text)
    rcu_system_clock_source_config           0x08002a61   Thumb Code    20  gd32f1x0_rcu.o(.text)
    rcu_system_clock_source_get              0x08002a75   Thumb Code    16  gd32f1x0_rcu.o(.text)
    rcu_ahb_clock_config                     0x08002a85   Thumb Code    20  gd32f1x0_rcu.o(.text)
    rcu_apb1_clock_config                    0x08002a99   Thumb Code    20  gd32f1x0_rcu.o(.text)
    rcu_apb2_clock_config                    0x08002aad   Thumb Code    20  gd32f1x0_rcu.o(.text)
    rcu_adc_clock_config                     0x08002ac1   Thumb Code    88  gd32f1x0_rcu.o(.text)
    rcu_usbd_clock_config                    0x08002b19   Thumb Code    24  gd32f1x0_rcu.o(.text)
    rcu_ckout_config                         0x08002b31   Thumb Code    22  gd32f1x0_rcu.o(.text)
    rcu_pll_config                           0x08002b49   Thumb Code    36  gd32f1x0_rcu.o(.text)
    rcu_usart_clock_config                   0x08002b6d   Thumb Code    24  gd32f1x0_rcu.o(.text)
    rcu_cec_clock_config                     0x08002b85   Thumb Code    24  gd32f1x0_rcu.o(.text)
    rcu_rtc_clock_config                     0x08002b9d   Thumb Code    24  gd32f1x0_rcu.o(.text)
    rcu_hxtal_prediv_config                  0x08002bb5   Thumb Code    20  gd32f1x0_rcu.o(.text)
    rcu_lxtal_drive_capability_config        0x08002bc9   Thumb Code    24  gd32f1x0_rcu.o(.text)
    rcu_flag_get                             0x08002be1   Thumb Code    26  gd32f1x0_rcu.o(.text)
    rcu_all_reset_flag_clear                 0x08002bfd   Thumb Code    18  gd32f1x0_rcu.o(.text)
    rcu_interrupt_flag_get                   0x08002c11   Thumb Code    18  gd32f1x0_rcu.o(.text)
    rcu_interrupt_flag_clear                 0x08002c25   Thumb Code    16  gd32f1x0_rcu.o(.text)
    rcu_interrupt_enable                     0x08002c35   Thumb Code    16  gd32f1x0_rcu.o(.text)
    rcu_interrupt_disable                    0x08002c45   Thumb Code    18  gd32f1x0_rcu.o(.text)
    rcu_osci_stab_wait                       0x08002c59   Thumb Code   324  gd32f1x0_rcu.o(.text)
    rcu_osci_on                              0x08002d9d   Thumb Code    30  gd32f1x0_rcu.o(.text)
    rcu_osci_off                             0x08002dbd   Thumb Code    32  gd32f1x0_rcu.o(.text)
    rcu_osci_bypass_mode_enable              0x08002ddd   Thumb Code    64  gd32f1x0_rcu.o(.text)
    rcu_osci_bypass_mode_disable             0x08002e1d   Thumb Code    64  gd32f1x0_rcu.o(.text)
    rcu_hxtal_clock_monitor_enable           0x08002e5d   Thumb Code    18  gd32f1x0_rcu.o(.text)
    rcu_hxtal_clock_monitor_disable          0x08002e71   Thumb Code    18  gd32f1x0_rcu.o(.text)
    rcu_irc8m_adjust_value_set               0x08002e85   Thumb Code    22  gd32f1x0_rcu.o(.text)
    rcu_irc14m_adjust_value_set              0x08002e9d   Thumb Code    22  gd32f1x0_rcu.o(.text)
    rcu_voltage_key_unlock                   0x08002eb5   Thumb Code    30  gd32f1x0_rcu.o(.text)
    rcu_deepsleep_voltage_set                0x08002ed5   Thumb Code    24  gd32f1x0_rcu.o(.text)
    rcu_power_down_voltage_set               0x08002eed   Thumb Code    24  gd32f1x0_rcu.o(.text)
    rcu_clock_freq_get                       0x08002f05   Thumb Code   292  gd32f1x0_rcu.o(.text)
    timer_deinit                             0x08003039   Thumb Code   194  gd32f1x0_timer.o(.text)
    timer_struct_para_init                   0x080030fd   Thumb Code    16  gd32f1x0_timer.o(.text)
    timer_init                               0x0800310d   Thumb Code   212  gd32f1x0_timer.o(.text)
    timer_enable                             0x080031e1   Thumb Code    10  gd32f1x0_timer.o(.text)
    timer_disable                            0x080031ed   Thumb Code    10  gd32f1x0_timer.o(.text)
    timer_auto_reload_shadow_enable          0x080031f9   Thumb Code    10  gd32f1x0_timer.o(.text)
    timer_auto_reload_shadow_disable         0x08003205   Thumb Code    10  gd32f1x0_timer.o(.text)
    timer_update_event_enable                0x08003211   Thumb Code    10  gd32f1x0_timer.o(.text)
    timer_update_event_disable               0x0800321d   Thumb Code    10  gd32f1x0_timer.o(.text)
    timer_counter_alignment                  0x08003229   Thumb Code    16  gd32f1x0_timer.o(.text)
    timer_counter_up_direction               0x08003239   Thumb Code    10  gd32f1x0_timer.o(.text)
    timer_counter_down_direction             0x08003245   Thumb Code    10  gd32f1x0_timer.o(.text)
    timer_prescaler_config                   0x08003251   Thumb Code    18  gd32f1x0_timer.o(.text)
    timer_repetition_value_config            0x08003265   Thumb Code     4  gd32f1x0_timer.o(.text)
    timer_autoreload_value_config            0x08003269   Thumb Code     4  gd32f1x0_timer.o(.text)
    timer_counter_value_config               0x0800326d   Thumb Code     4  gd32f1x0_timer.o(.text)
    timer_counter_read                       0x08003271   Thumb Code     4  gd32f1x0_timer.o(.text)
    timer_prescaler_read                     0x08003275   Thumb Code     6  gd32f1x0_timer.o(.text)
    timer_single_pulse_mode_config           0x0800327d   Thumb Code    30  gd32f1x0_timer.o(.text)
    timer_update_source_config               0x0800329d   Thumb Code    30  gd32f1x0_timer.o(.text)
    timer_ocpre_clear_source_config          0x080032bd   Thumb Code    28  gd32f1x0_timer.o(.text)
    timer_interrupt_enable                   0x080032d9   Thumb Code     8  gd32f1x0_timer.o(.text)
    timer_interrupt_disable                  0x080032e1   Thumb Code    10  gd32f1x0_timer.o(.text)
    timer_interrupt_flag_get                 0x080032ed   Thumb Code    22  gd32f1x0_timer.o(.text)
    timer_interrupt_flag_clear               0x08003305   Thumb Code     6  gd32f1x0_timer.o(.text)
    timer_flag_get                           0x0800330d   Thumb Code    10  gd32f1x0_timer.o(.text)
    timer_flag_clear                         0x08003319   Thumb Code     6  gd32f1x0_timer.o(.text)
    timer_dma_enable                         0x08003321   Thumb Code     8  gd32f1x0_timer.o(.text)
    timer_dma_disable                        0x08003329   Thumb Code    10  gd32f1x0_timer.o(.text)
    timer_channel_dma_request_source_select  0x08003335   Thumb Code    30  gd32f1x0_timer.o(.text)
    timer_dma_transfer_config                0x08003355   Thumb Code    24  gd32f1x0_timer.o(.text)
    timer_event_software_generate            0x0800336d   Thumb Code     8  gd32f1x0_timer.o(.text)
    timer_break_struct_para_init             0x08003375   Thumb Code    16  gd32f1x0_timer.o(.text)
    timer_break_config                       0x08003385   Thumb Code    36  gd32f1x0_timer.o(.text)
    timer_break_enable                       0x080033a9   Thumb Code    10  gd32f1x0_timer.o(.text)
    timer_break_disable                      0x080033b5   Thumb Code    10  gd32f1x0_timer.o(.text)
    timer_automatic_output_enable            0x080033c1   Thumb Code    10  gd32f1x0_timer.o(.text)
    timer_automatic_output_disable           0x080033cd   Thumb Code    10  gd32f1x0_timer.o(.text)
    timer_primary_output_config              0x080033d9   Thumb Code    18  gd32f1x0_timer.o(.text)
    timer_channel_control_shadow_config      0x080033ed   Thumb Code    16  gd32f1x0_timer.o(.text)
    timer_channel_control_shadow_update_config 0x080033fd   Thumb Code    30  gd32f1x0_timer.o(.text)
    timer_channel_output_struct_para_init    0x0800341d   Thumb Code    12  gd32f1x0_timer.o(.text)
    timer_channel_output_config              0x08003429   Thumb Code   550  gd32f1x0_timer.o(.text)
    timer_channel_output_mode_config         0x08003651   Thumb Code    58  gd32f1x0_timer.o(.text)
    timer_channel_output_pulse_value_config  0x0800368d   Thumb Code    12  gd32f1x0_timer.o(.text)
    timer_channel_output_shadow_config       0x08003699   Thumb Code    58  gd32f1x0_timer.o(.text)
    timer_channel_output_fast_config         0x080036d5   Thumb Code    58  gd32f1x0_timer.o(.text)
    timer_channel_output_clear_config        0x08003711   Thumb Code    58  gd32f1x0_timer.o(.text)
    timer_channel_output_polarity_config     0x0800374d   Thumb Code    74  gd32f1x0_timer.o(.text)
    timer_channel_complementary_output_polarity_config 0x08003799   Thumb Code    74  gd32f1x0_timer.o(.text)
    timer_channel_output_state_config        0x080037e5   Thumb Code    74  gd32f1x0_timer.o(.text)
    timer_channel_complementary_output_state_config 0x08003831   Thumb Code    60  gd32f1x0_timer.o(.text)
    timer_channel_input_struct_para_init     0x0800386d   Thumb Code    12  gd32f1x0_timer.o(.text)
    timer_input_capture_config               0x08003879   Thumb Code   346  gd32f1x0_timer.o(.text)
    timer_channel_input_capture_prescaler_config 0x080039d5   Thumb Code    58  gd32f1x0_timer.o(.text)
    timer_channel_capture_value_register_read 0x08003a11   Thumb Code    14  gd32f1x0_timer.o(.text)
    timer_input_pwm_capture_config           0x08003a21   Thumb Code   356  gd32f1x0_timer.o(.text)
    timer_hall_mode_config                   0x08003b85   Thumb Code    30  gd32f1x0_timer.o(.text)
    timer_input_trigger_source_select        0x08003ba5   Thumb Code    16  gd32f1x0_timer.o(.text)
    timer_master_output_trigger_source_select 0x08003bb5   Thumb Code    16  gd32f1x0_timer.o(.text)
    timer_slave_mode_select                  0x08003bc5   Thumb Code    16  gd32f1x0_timer.o(.text)
    timer_master_slave_mode_config           0x08003bd5   Thumb Code    30  gd32f1x0_timer.o(.text)
    timer_external_trigger_config            0x08003bf5   Thumb Code    34  gd32f1x0_timer.o(.text)
    timer_quadrature_decoder_mode_config     0x08003c19   Thumb Code    78  gd32f1x0_timer.o(.text)
    timer_internal_clock_config              0x08003c69   Thumb Code    10  gd32f1x0_timer.o(.text)
    timer_internal_trigger_as_external_clock_config 0x08003c75   Thumb Code    32  gd32f1x0_timer.o(.text)
    timer_external_trigger_as_external_clock_config 0x08003c95   Thumb Code   148  gd32f1x0_timer.o(.text)
    timer_external_clock_mode0_config        0x08003d29   Thumb Code    50  gd32f1x0_timer.o(.text)
    timer_external_clock_mode1_config        0x08003d5d   Thumb Code    42  gd32f1x0_timer.o(.text)
    timer_external_clock_mode1_disable       0x08003d89   Thumb Code    10  gd32f1x0_timer.o(.text)
    timer_channel_remap_config               0x08003d95   Thumb Code     4  gd32f1x0_timer.o(.text)
    usart_deinit                             0x08003d99   Thumb Code    54  gd32f1x0_usart.o(.text)
    usart_baudrate_set                       0x08003dd1   Thumb Code    90  gd32f1x0_usart.o(.text)
    usart_parity_config                      0x08003e2d   Thumb Code    24  gd32f1x0_usart.o(.text)
    usart_word_length_set                    0x08003e45   Thumb Code    24  gd32f1x0_usart.o(.text)
    usart_stop_bit_set                       0x08003e5d   Thumb Code    24  gd32f1x0_usart.o(.text)
    usart_enable                             0x08003e75   Thumb Code    10  gd32f1x0_usart.o(.text)
    usart_disable                            0x08003e81   Thumb Code    10  gd32f1x0_usart.o(.text)
    usart_transmit_config                    0x08003e8d   Thumb Code    16  gd32f1x0_usart.o(.text)
    usart_receive_config                     0x08003e9d   Thumb Code    16  gd32f1x0_usart.o(.text)
    usart_data_transmit                      0x08003ead   Thumb Code     8  gd32f1x0_usart.o(.text)
    usart_data_receive                       0x08003eb5   Thumb Code     8  gd32f1x0_usart.o(.text)
    usart_data_first_config                  0x08003ebd   Thumb Code    28  gd32f1x0_usart.o(.text)
    usart_invert_config                      0x08003ed9   Thumb Code   106  gd32f1x0_usart.o(.text)
    usart_overrun_enable                     0x08003f45   Thumb Code    18  gd32f1x0_usart.o(.text)
    usart_overrun_disable                    0x08003f59   Thumb Code    18  gd32f1x0_usart.o(.text)
    usart_oversample_config                  0x08003f6d   Thumb Code    24  gd32f1x0_usart.o(.text)
    usart_sample_bit_config                  0x08003f85   Thumb Code    24  gd32f1x0_usart.o(.text)
    usart_autobaud_detection_enable          0x08003f9d   Thumb Code    10  gd32f1x0_usart.o(.text)
    usart_autobaud_detection_disable         0x08003fa9   Thumb Code    10  gd32f1x0_usart.o(.text)
    usart_autobaud_detection_mode_config     0x08003fb5   Thumb Code    16  gd32f1x0_usart.o(.text)
    usart_mute_mode_enable                   0x08003fc5   Thumb Code    10  gd32f1x0_usart.o(.text)
    usart_mute_mode_disable                  0x08003fd1   Thumb Code    10  gd32f1x0_usart.o(.text)
    usart_mute_mode_wakeup_config            0x08003fdd   Thumb Code    24  gd32f1x0_usart.o(.text)
    usart_address_detection_mode_config      0x08003ff5   Thumb Code    28  gd32f1x0_usart.o(.text)
    usart_address_config                     0x08004011   Thumb Code    26  gd32f1x0_usart.o(.text)
    usart_receiver_timeout_enable            0x0800402d   Thumb Code    10  gd32f1x0_usart.o(.text)
    usart_receiver_timeout_disable           0x08004039   Thumb Code    10  gd32f1x0_usart.o(.text)
    usart_receiver_timeout_config            0x08004045   Thumb Code    16  gd32f1x0_usart.o(.text)
    usart_lin_mode_enable                    0x08004055   Thumb Code    18  gd32f1x0_usart.o(.text)
    usart_lin_mode_disable                   0x08004069   Thumb Code    18  gd32f1x0_usart.o(.text)
    usart_lin_break_detection_length_config  0x0800407d   Thumb Code    20  gd32f1x0_usart.o(.text)
    usart_halfduplex_enable                  0x08004091   Thumb Code    18  gd32f1x0_usart.o(.text)
    usart_halfduplex_disable                 0x080040a5   Thumb Code    18  gd32f1x0_usart.o(.text)
    usart_clock_enable                       0x080040b9   Thumb Code    18  gd32f1x0_usart.o(.text)
    usart_clock_disable                      0x080040cd   Thumb Code    18  gd32f1x0_usart.o(.text)
    usart_synchronous_clock_config           0x080040e1   Thumb Code    60  gd32f1x0_usart.o(.text)
    usart_smartcard_mode_enable              0x0800411d   Thumb Code    18  gd32f1x0_usart.o(.text)
    usart_smartcard_mode_disable             0x08004131   Thumb Code    18  gd32f1x0_usart.o(.text)
    usart_smartcard_mode_nack_enable         0x08004145   Thumb Code    18  gd32f1x0_usart.o(.text)
    usart_smartcard_mode_nack_disable        0x08004159   Thumb Code    18  gd32f1x0_usart.o(.text)
    usart_guard_time_config                  0x0800416d   Thumb Code    28  gd32f1x0_usart.o(.text)
    usart_block_length_config                0x08004189   Thumb Code    18  gd32f1x0_usart.o(.text)
    usart_smartcard_autoretry_config         0x0800419d   Thumb Code    30  gd32f1x0_usart.o(.text)
    usart_irda_mode_enable                   0x080041bd   Thumb Code    18  gd32f1x0_usart.o(.text)
    usart_irda_mode_disable                  0x080041d1   Thumb Code    18  gd32f1x0_usart.o(.text)
    usart_irda_lowpower_config               0x080041e5   Thumb Code    20  gd32f1x0_usart.o(.text)
    usart_prescaler_config                   0x080041f9   Thumb Code    24  gd32f1x0_usart.o(.text)
    usart_hardware_flow_rts_config           0x08004211   Thumb Code    24  gd32f1x0_usart.o(.text)
    usart_hardware_flow_cts_config           0x08004229   Thumb Code    24  gd32f1x0_usart.o(.text)
    usart_rs485_driver_enable                0x08004241   Thumb Code    18  gd32f1x0_usart.o(.text)
    usart_rs485_driver_disable               0x08004255   Thumb Code    18  gd32f1x0_usart.o(.text)
    usart_driver_assertime_config            0x08004269   Thumb Code    30  gd32f1x0_usart.o(.text)
    usart_driver_deassertime_config          0x08004289   Thumb Code    30  gd32f1x0_usart.o(.text)
    usart_depolarity_config                  0x080042a9   Thumb Code    28  gd32f1x0_usart.o(.text)
    usart_dma_receive_config                 0x080042c5   Thumb Code    16  gd32f1x0_usart.o(.text)
    usart_dma_transmit_config                0x080042d5   Thumb Code    16  gd32f1x0_usart.o(.text)
    usart_reception_error_dma_disable        0x080042e5   Thumb Code    18  gd32f1x0_usart.o(.text)
    usart_reception_error_dma_enable         0x080042f9   Thumb Code    18  gd32f1x0_usart.o(.text)
    usart_wakeup_enable                      0x0800430d   Thumb Code    10  gd32f1x0_usart.o(.text)
    usart_wakeup_disable                     0x08004319   Thumb Code    10  gd32f1x0_usart.o(.text)
    usart_wakeup_mode_config                 0x08004325   Thumb Code    28  gd32f1x0_usart.o(.text)
    usart_flag_get                           0x08004341   Thumb Code    16  gd32f1x0_usart.o(.text)
    usart_flag_clear                         0x08004351   Thumb Code    18  gd32f1x0_usart.o(.text)
    usart_interrupt_enable                   0x08004365   Thumb Code    24  gd32f1x0_usart.o(.text)
    usart_interrupt_disable                  0x0800437d   Thumb Code    26  gd32f1x0_usart.o(.text)
    usart_command_enable                     0x08004399   Thumb Code     8  gd32f1x0_usart.o(.text)
    usart_interrupt_flag_get                 0x080043a1   Thumb Code    34  gd32f1x0_usart.o(.text)
    usart_interrupt_flag_clear               0x080043c5   Thumb Code    18  gd32f1x0_usart.o(.text)
    Reset_Handler                            0x080043d9   Thumb Code     8  startup_gd32f1x0.o(.text)
    ADC_CMP_IRQHandler                       0x080043f3   Thumb Code     0  startup_gd32f1x0.o(.text)
    CAN0_RX0_IRQHandler                      0x080043f3   Thumb Code     0  startup_gd32f1x0.o(.text)
    CAN0_RX1_IRQHandler                      0x080043f3   Thumb Code     0  startup_gd32f1x0.o(.text)
    CAN0_SCE_IRQHandler                      0x080043f3   Thumb Code     0  startup_gd32f1x0.o(.text)
    CAN0_TX_IRQHandler                       0x080043f3   Thumb Code     0  startup_gd32f1x0.o(.text)
    CAN1_RX0_IRQHandler                      0x080043f3   Thumb Code     0  startup_gd32f1x0.o(.text)
    CAN1_RX1_IRQHandler                      0x080043f3   Thumb Code     0  startup_gd32f1x0.o(.text)
    CAN1_SCE_IRQHandler                      0x080043f3   Thumb Code     0  startup_gd32f1x0.o(.text)
    CAN1_TX_IRQHandler                       0x080043f3   Thumb Code     0  startup_gd32f1x0.o(.text)
    CEC_IRQHandler                           0x080043f3   Thumb Code     0  startup_gd32f1x0.o(.text)
    DMA_Channel5_6_IRQHandler                0x080043f3   Thumb Code     0  startup_gd32f1x0.o(.text)
    EXTI0_1_IRQHandler                       0x080043f3   Thumb Code     0  startup_gd32f1x0.o(.text)
    EXTI2_3_IRQHandler                       0x080043f3   Thumb Code     0  startup_gd32f1x0.o(.text)
    EXTI4_15_IRQHandler                      0x080043f3   Thumb Code     0  startup_gd32f1x0.o(.text)
    FMC_IRQHandler                           0x080043f3   Thumb Code     0  startup_gd32f1x0.o(.text)
    I2C0_ER_IRQHandler                       0x080043f3   Thumb Code     0  startup_gd32f1x0.o(.text)
    I2C0_EV_IRQHandler                       0x080043f3   Thumb Code     0  startup_gd32f1x0.o(.text)
    I2C1_ER_IRQHandler                       0x080043f3   Thumb Code     0  startup_gd32f1x0.o(.text)
    I2C1_EV_IRQHandler                       0x080043f3   Thumb Code     0  startup_gd32f1x0.o(.text)
    I2C2_ER_IRQHandler                       0x080043f3   Thumb Code     0  startup_gd32f1x0.o(.text)
    I2C2_EV_IRQHandler                       0x080043f3   Thumb Code     0  startup_gd32f1x0.o(.text)
    LVD_IRQHandler                           0x080043f3   Thumb Code     0  startup_gd32f1x0.o(.text)
    RCU_IRQHandler                           0x080043f3   Thumb Code     0  startup_gd32f1x0.o(.text)
    RTC_IRQHandler                           0x080043f3   Thumb Code     0  startup_gd32f1x0.o(.text)
    SLCD_IRQHandler                          0x080043f3   Thumb Code     0  startup_gd32f1x0.o(.text)
    SPI0_IRQHandler                          0x080043f3   Thumb Code     0  startup_gd32f1x0.o(.text)
    SPI1_IRQHandler                          0x080043f3   Thumb Code     0  startup_gd32f1x0.o(.text)
    SPI2_IRQHandler                          0x080043f3   Thumb Code     0  startup_gd32f1x0.o(.text)
    TIMER0_Channel_IRQHandler                0x080043f3   Thumb Code     0  startup_gd32f1x0.o(.text)
    TIMER14_IRQHandler                       0x080043f3   Thumb Code     0  startup_gd32f1x0.o(.text)
    TIMER15_IRQHandler                       0x080043f3   Thumb Code     0  startup_gd32f1x0.o(.text)
    TIMER16_IRQHandler                       0x080043f3   Thumb Code     0  startup_gd32f1x0.o(.text)
    TIMER1_IRQHandler                        0x080043f3   Thumb Code     0  startup_gd32f1x0.o(.text)
    TIMER2_IRQHandler                        0x080043f3   Thumb Code     0  startup_gd32f1x0.o(.text)
    TIMER5_DAC_IRQHandler                    0x080043f3   Thumb Code     0  startup_gd32f1x0.o(.text)
    TSI_IRQHandler                           0x080043f3   Thumb Code     0  startup_gd32f1x0.o(.text)
    USART0_IRQHandler                        0x080043f3   Thumb Code     0  startup_gd32f1x0.o(.text)
    USART1_IRQHandler                        0x080043f3   Thumb Code     0  startup_gd32f1x0.o(.text)
    USBDWakeUp_IRQHandler                    0x080043f3   Thumb Code     0  startup_gd32f1x0.o(.text)
    USBD_HP_IRQHandler                       0x080043f3   Thumb Code     0  startup_gd32f1x0.o(.text)
    USBD_LP_IRQHandler                       0x080043f3   Thumb Code     0  startup_gd32f1x0.o(.text)
    WWDGT_IRQHandler                         0x080043f3   Thumb Code     0  startup_gd32f1x0.o(.text)
    __user_initial_stackheap                 0x080043f5   Thumb Code    10  startup_gd32f1x0.o(.text)
    SystemInit                               0x08004419   Thumb Code   188  system_gd32f1x0.o(.text)
    SystemCoreClockUpdate                    0x080044d5   Thumb Code   112  system_gd32f1x0.o(.text)
    __2sprintf                               0x08004555   Thumb Code    34  noretval__2sprintf.o(.text)
    _printf_pre_padding                      0x0800457d   Thumb Code    44  _printf_pad.o(.text)
    _printf_post_padding                     0x080045a9   Thumb Code    34  _printf_pad.o(.text)
    _printf_int_dec                          0x080045cd   Thumb Code   104  _printf_dec.o(.text)
    __printf                                 0x08004645   Thumb Code   308  __printf_flags_wp.o(.text)
    __use_two_region_memory                  0x0800477d   Thumb Code     2  heapauxi.o(.text)
    __rt_heap_escrow$2region                 0x0800477f   Thumb Code     2  heapauxi.o(.text)
    __rt_heap_expand$2region                 0x08004781   Thumb Code     2  heapauxi.o(.text)
    _printf_int_common                       0x08004783   Thumb Code   178  _printf_intcommon.o(.text)
    _printf_char_common                      0x0800483f   Thumb Code    32  _printf_char_common.o(.text)
    _sputc                                   0x08004865   Thumb Code    10  _sputc.o(.text)
    __user_setup_stackheap                   0x0800486f   Thumb Code    74  sys_stackheap_outer.o(.text)
    exit                                     0x080048b9   Thumb Code    18  exit.o(.text)
    __user_libspace                          0x080048cd   Thumb Code     8  libspace.o(.text)
    __user_perproc_libspace                  0x080048cd   Thumb Code     0  libspace.o(.text)
    __user_perthread_libspace                0x080048cd   Thumb Code     0  libspace.o(.text)
    _sys_exit                                0x080048d5   Thumb Code     8  sys_exit.o(.text)
    __I$use$semihosting                      0x080048e1   Thumb Code     0  use_no_semi.o(.text)
    __use_no_semihosting_swi                 0x080048e1   Thumb Code     2  use_no_semi.o(.text)
    __semihosting_library_function           0x080048e3   Thumb Code     0  indicate_semi.o(.text)
    _is_digit                                0x080048e3   Thumb Code    14  __printf_wp.o(i._is_digit)
    __aeabi_fdiv                             0x080048f1   Thumb Code     0  fdiv.o(x$fpl$fdiv)
    _fdiv                                    0x080048f1   Thumb Code   384  fdiv.o(x$fpl$fdiv)
    __aeabi_f2iz                             0x08004a75   Thumb Code     0  ffix.o(x$fpl$ffix)
    _ffix                                    0x08004a75   Thumb Code    54  ffix.o(x$fpl$ffix)
    __aeabi_ui2f                             0x08004aad   Thumb Code     0  fflt_clz.o(x$fpl$ffltu)
    _ffltu                                   0x08004aad   Thumb Code    38  fflt_clz.o(x$fpl$ffltu)
    __aeabi_fmul                             0x08004ad5   Thumb Code     0  fmul.o(x$fpl$fmul)
    _fmul                                    0x08004ad5   Thumb Code   258  fmul.o(x$fpl$fmul)
    __fpl_fnaninf                            0x08004bd7   Thumb Code   140  fnaninf.o(x$fpl$fnaninf)
    __fpl_fretinf                            0x08004c63   Thumb Code    10  fretinf.o(x$fpl$fretinf)
    __I$use$fp                               0x08004c6c   Number         0  usenofp.o(x$fpl$usenofp)
    hall_to_pos                              0x08004cac   Data           8  bldc.o(.rodata.hall_to_pos)
    Region$$Table$$Base                      0x08004d00   Number         0  anon$$obj.o(Region$$Table)
    Region$$Table$$Limit                     0x08004d20   Number         0  anon$$obj.o(Region$$Table)
    SystemCoreClock                          0x20000000   Data           4  system_gd32f1x0.o(.data.SystemCoreClock)
    batteryVoltage                           0x20000004   Data           4  bldc.o(.data.batteryVoltage)
    offsetdc                                 0x2000000c   Data           2  bldc.o(.data.offsetdc)
    __libspace_start                         0x20000018   Data          96  libspace.o(.bss)
    __temporary_stack_top$libspace           0x20000078   Data           0  libspace.o(.bss)
    adc_buffer                               0x20000082   Data           4  bldc.o(.bss.adc_buffer)
    batteryMaster                            0x20000086   Data           2  commsmasterslave.o(.bss.batteryMaster)
    beepsBackwardsMaster                     0x20000088   Data           1  commsmasterslave.o(.bss.beepsBackwardsMaster)
    bldc_enable                              0x20000089   Data           1  bldc.o(.bss.bldc_enable)
    bldc_inputFilterPwm                      0x2000008a   Data           2  bldc.o(.bss.bldc_inputFilterPwm)
    bldc_outputFilterPwm                     0x2000008c   Data           2  bldc.o(.bss.bldc_outputFilterPwm)
    buzzerFreq                               0x20000090   Data           1  bldc.o(.bss.buzzerFreq)
    buzzerPattern                            0x20000091   Data           1  bldc.o(.bss.buzzerPattern)
    buzzerTimer                              0x20000092   Data           2  bldc.o(.bss.buzzerTimer)
    buzzerToggle                             0x20000094   Data           1  bldc.o(.bss.buzzerToggle)
    counter_Blue                             0x20000095   Data           1  led.o(.bss.counter_Blue)
    counter_Green                            0x20000096   Data           1  led.o(.bss.counter_Green)
    counter_Red                              0x20000097   Data           1  led.o(.bss.counter_Red)
    currentDC                                0x20000098   Data           4  bldc.o(.bss.currentDC)
    currentDCMaster                          0x2000009c   Data           2  commsmasterslave.o(.bss.currentDCMaster)
    dma_init_struct_adc                      0x200000a0   Data          36  setup.o(.bss.dma_init_struct_adc)
    dma_init_struct_usart                    0x200000c4   Data          36  setup.o(.bss.dma_init_struct_usart)
    filter_reg                               0x200000ec   Data           4  bldc.o(.bss.filter_reg)
    hall                                     0x200000f0   Data           1  bldc.o(.bss.hall)
    hall_a                                   0x200000f1   Data           1  bldc.o(.bss.hall_a)
    hall_b                                   0x200000f2   Data           1  bldc.o(.bss.hall_b)
    hall_c                                   0x200000f3   Data           1  bldc.o(.bss.hall_c)
    hornCounter_ms                           0x200000f4   Data           4  it.o(.bss.hornCounter_ms)
    iOdom                                    0x200000fc   Data           4  bldc.o(.bss.iOdom)
    lastPos                                  0x20000100   Data           1  bldc.o(.bss.lastPos)
    lowerLEDMaster                           0x20000101   Data           1  led.o(.bss.lowerLEDMaster)
    mosfetOutMaster                          0x20000102   Data           1  commsmasterslave.o(.bss.mosfetOutMaster)
    msTicks                                  0x20000104   Data           4  it.o(.bss.msTicks)
    offsetcount                              0x20000108   Data           2  bldc.o(.bss.offsetcount)
    pos                                      0x2000010a   Data           1  bldc.o(.bss.pos)
    realSpeed                                0x2000010c   Data           4  bldc.o(.bss.realSpeed)
    realSpeedMaster                          0x20000110   Data           2  commsmasterslave.o(.bss.realSpeedMaster)
    setValue_Blue                            0x20000120   Data           1  led.o(.bss.setValue_Blue)
    setValue_Green                           0x20000121   Data           1  led.o(.bss.setValue_Green)
    setValue_Red                             0x20000122   Data           1  led.o(.bss.setValue_Red)
    speedCounter                             0x20000124   Data           4  bldc.o(.bss.speedCounter)
    steerCounter                             0x20000128   Data           4  main.o(.bss.steerCounter)
    timedOut                                 0x2000012f   Data           1  it.o(.bss.timedOut)
    timeoutCounter_ms                        0x20000130   Data           4  it.o(.bss.timeoutCounter_ms)
    timeoutTimer_paramter_struct             0x20000134   Data          16  setup.o(.bss.timeoutTimer_paramter_struct)
    timerBldc_break_parameter_struct         0x20000144   Data          24  setup.o(.bss.timerBldc_break_parameter_struct)
    timerBldc_oc_parameter_struct            0x2000015c   Data          16  setup.o(.bss.timerBldc_oc_parameter_struct)
    timerBldc_paramter_struct                0x2000016c   Data          16  setup.o(.bss.timerBldc_paramter_struct)
    upperLEDMaster                           0x2000017c   Data           1  led.o(.bss.upperLEDMaster)
    usartMasterSlave_rx_buf                  0x2000017d   Data           1  setup.o(.bss.usartMasterSlave_rx_buf)
    usartSteer_COM_rx_buf                    0x2000017e   Data           1  setup.o(.bss.usartSteer_COM_rx_buf)



==============================================================================

Memory Map of the image

  Image Entry point : 0x08000169

  Load Region LR_IROM1 (Base: 0x08000000, Size: 0x00004d38, Max: 0x00010000, ABSOLUTE)

    Execution Region ER_IROM1 (Exec base: 0x08000000, Load base: 0x08000000, Size: 0x00004d20, Max: 0x00010000, ABSOLUTE)

    Exec Addr    Load Addr    Size         Type   Attr      Idx    E Section Name        Object

    0x08000000   0x08000000   0x00000168   Data   RO          125    RESET               startup_gd32f1x0.o
    0x08000168   0x08000168   0x00000008   Code   RO          153  * !!!main             c_w.l(__main.o)
    0x08000170   0x08000170   0x00000034   Code   RO          299    !!!scatter          c_w.l(__scatter.o)
    0x080001a4   0x080001a4   0x0000001a   Code   RO          300    !!handler_copy      c_w.l(__scatter_copy.o)
    0x080001be   0x080001be   0x00000002   PAD
    0x080001c0   0x080001c0   0x0000001c   Code   RO          301    !!handler_zi        c_w.l(__scatter_zi.o)
    0x080001dc   0x080001dc   0x00000000   Code   RO          151    .ARM.Collect$$_printf_percent$$00000000  c_w.l(_printf_percent.o)
    0x080001dc   0x080001dc   0x00000006   Code   RO          150    .ARM.Collect$$_printf_percent$$00000009  c_w.l(_printf_d.o)
    0x080001e2   0x080001e2   0x00000004   Code   RO          166    .ARM.Collect$$_printf_percent$$00000017  c_w.l(_printf_percent_end.o)
    0x080001e6   0x080001e6   0x00000002   Code   RO          191    .ARM.Collect$$libinit$$00000000  c_w.l(libinit.o)
    0x080001e8   0x080001e8   0x00000000   Code   RO          197    .ARM.Collect$$libinit$$00000002  c_w.l(libinit2.o)
    0x080001e8   0x080001e8   0x00000000   Code   RO          199    .ARM.Collect$$libinit$$00000004  c_w.l(libinit2.o)
    0x080001e8   0x080001e8   0x00000000   Code   RO          201    .ARM.Collect$$libinit$$00000006  c_w.l(libinit2.o)
    0x080001e8   0x080001e8   0x00000000   Code   RO          204    .ARM.Collect$$libinit$$0000000C  c_w.l(libinit2.o)
    0x080001e8   0x080001e8   0x00000000   Code   RO          206    .ARM.Collect$$libinit$$0000000E  c_w.l(libinit2.o)
    0x080001e8   0x080001e8   0x00000000   Code   RO          208    .ARM.Collect$$libinit$$00000010  c_w.l(libinit2.o)
    0x080001e8   0x080001e8   0x00000000   Code   RO          211    .ARM.Collect$$libinit$$00000013  c_w.l(libinit2.o)
    0x080001e8   0x080001e8   0x00000000   Code   RO          213    .ARM.Collect$$libinit$$00000015  c_w.l(libinit2.o)
    0x080001e8   0x080001e8   0x00000000   Code   RO          215    .ARM.Collect$$libinit$$00000017  c_w.l(libinit2.o)
    0x080001e8   0x080001e8   0x00000000   Code   RO          217    .ARM.Collect$$libinit$$00000019  c_w.l(libinit2.o)
    0x080001e8   0x080001e8   0x00000000   Code   RO          219    .ARM.Collect$$libinit$$0000001B  c_w.l(libinit2.o)
    0x080001e8   0x080001e8   0x00000000   Code   RO          221    .ARM.Collect$$libinit$$0000001D  c_w.l(libinit2.o)
    0x080001e8   0x080001e8   0x00000000   Code   RO          223    .ARM.Collect$$libinit$$0000001F  c_w.l(libinit2.o)
    0x080001e8   0x080001e8   0x00000000   Code   RO          225    .ARM.Collect$$libinit$$00000021  c_w.l(libinit2.o)
    0x080001e8   0x080001e8   0x00000000   Code   RO          227    .ARM.Collect$$libinit$$00000023  c_w.l(libinit2.o)
    0x080001e8   0x080001e8   0x00000000   Code   RO          229    .ARM.Collect$$libinit$$00000025  c_w.l(libinit2.o)
    0x080001e8   0x080001e8   0x00000000   Code   RO          231    .ARM.Collect$$libinit$$00000027  c_w.l(libinit2.o)
    0x080001e8   0x080001e8   0x00000000   Code   RO          235    .ARM.Collect$$libinit$$0000002E  c_w.l(libinit2.o)
    0x080001e8   0x080001e8   0x00000000   Code   RO          237    .ARM.Collect$$libinit$$00000030  c_w.l(libinit2.o)
    0x080001e8   0x080001e8   0x00000000   Code   RO          239    .ARM.Collect$$libinit$$00000032  c_w.l(libinit2.o)
    0x080001e8   0x080001e8   0x00000000   Code   RO          241    .ARM.Collect$$libinit$$00000034  c_w.l(libinit2.o)
    0x080001e8   0x080001e8   0x00000002   Code   RO          242    .ARM.Collect$$libinit$$00000035  c_w.l(libinit2.o)
    0x080001ea   0x080001ea   0x00000002   Code   RO          257    .ARM.Collect$$libshutdown$$00000000  c_w.l(libshutdown.o)
    0x080001ec   0x080001ec   0x00000000   Code   RO          266    .ARM.Collect$$libshutdown$$00000002  c_w.l(libshutdown2.o)
    0x080001ec   0x080001ec   0x00000000   Code   RO          268    .ARM.Collect$$libshutdown$$00000004  c_w.l(libshutdown2.o)
    0x080001ec   0x080001ec   0x00000000   Code   RO          271    .ARM.Collect$$libshutdown$$00000007  c_w.l(libshutdown2.o)
    0x080001ec   0x080001ec   0x00000000   Code   RO          274    .ARM.Collect$$libshutdown$$0000000A  c_w.l(libshutdown2.o)
    0x080001ec   0x080001ec   0x00000000   Code   RO          276    .ARM.Collect$$libshutdown$$0000000C  c_w.l(libshutdown2.o)
    0x080001ec   0x080001ec   0x00000000   Code   RO          279    .ARM.Collect$$libshutdown$$0000000F  c_w.l(libshutdown2.o)
    0x080001ec   0x080001ec   0x00000002   Code   RO          280    .ARM.Collect$$libshutdown$$00000010  c_w.l(libshutdown2.o)
    0x080001ee   0x080001ee   0x00000000   Code   RO          162    .ARM.Collect$$rtentry$$00000000  c_w.l(__rtentry.o)
    0x080001ee   0x080001ee   0x00000000   Code   RO          171    .ARM.Collect$$rtentry$$00000002  c_w.l(__rtentry2.o)
    0x080001ee   0x080001ee   0x00000006   Code   RO          183    .ARM.Collect$$rtentry$$00000004  c_w.l(__rtentry4.o)
    0x080001f4   0x080001f4   0x00000000   Code   RO          173    .ARM.Collect$$rtentry$$00000009  c_w.l(__rtentry2.o)
    0x080001f4   0x080001f4   0x00000004   Code   RO          174    .ARM.Collect$$rtentry$$0000000A  c_w.l(__rtentry2.o)
    0x080001f8   0x080001f8   0x00000000   Code   RO          176    .ARM.Collect$$rtentry$$0000000C  c_w.l(__rtentry2.o)
    0x080001f8   0x080001f8   0x00000008   Code   RO          177    .ARM.Collect$$rtentry$$0000000D  c_w.l(__rtentry2.o)
    0x08000200   0x08000200   0x00000002   Code   RO          194    .ARM.Collect$$rtexit$$00000000  c_w.l(rtexit.o)
    0x08000202   0x08000202   0x00000000   Code   RO          244    .ARM.Collect$$rtexit$$00000002  c_w.l(rtexit2.o)
    0x08000202   0x08000202   0x00000004   Code   RO          245    .ARM.Collect$$rtexit$$00000003  c_w.l(rtexit2.o)
    0x08000206   0x08000206   0x00000006   Code   RO          246    .ARM.Collect$$rtexit$$00000004  c_w.l(rtexit2.o)
    0x0800020c   0x0800020c   0x000000d6   Code   RO            1    .text               main.o
    0x080002e2   0x080002e2   0x00000002   PAD
    0x080002e4   0x080002e4   0x00000404   Code   RO            6    .text               bldc.o
    0x080006e8   0x080006e8   0x000007ac   Code   RO           33    .text               setup.o
    0x08000e94   0x08000e94   0x00000152   Code   RO           43    .text               it.o
    0x08000fe6   0x08000fe6   0x00000002   PAD
    0x08000fe8   0x08000fe8   0x0000006c   Code   RO           49    .text               comms.o
    0x08001054   0x08001054   0x0000031e   Code   RO           51    .text               commsbluetooth.o
    0x08001372   0x08001372   0x00000002   PAD
    0x08001374   0x08001374   0x00000278   Code   RO           58    .text               commsmasterslave.o
    0x080015ec   0x080015ec   0x00000684   Code   RO           68    .text               led.o
    0x08001c70   0x08001c70   0x000005a6   Code   RO           90    .text               gd32f1x0_adc.o
    0x08002216   0x08002216   0x00000002   PAD
    0x08002218   0x08002218   0x0000034c   Code   RO           94    .text               gd32f1x0_dma.o
    0x08002564   0x08002564   0x000000da   Code   RO           96    .text               gd32f1x0_fwdgt.o
    0x0800263e   0x0800263e   0x00000002   PAD
    0x08002640   0x08002640   0x00000198   Code   RO           98    .text               gd32f1x0_gpio.o
    0x080027d8   0x080027d8   0x00000130   Code   RO          103    .text               gd32f1x0_misc.o
    0x08002908   0x08002908   0x00000730   Code   RO          112    .text               gd32f1x0_rcu.o
    0x08003038   0x08003038   0x00000d60   Code   RO          117    .text               gd32f1x0_timer.o
    0x08003d98   0x08003d98   0x0000063e   Code   RO          119    .text               gd32f1x0_usart.o
    0x080043d6   0x080043d6   0x00000002   PAD
    0x080043d8   0x080043d8   0x00000040   Code   RO          126    .text               startup_gd32f1x0.o
    0x08004418   0x08004418   0x0000013c   Code   RO          127    .text               system_gd32f1x0.o
    0x08004554   0x08004554   0x00000028   Code   RO          133    .text               c_w.l(noretval__2sprintf.o)
    0x0800457c   0x0800457c   0x0000004e   Code   RO          135    .text               c_w.l(_printf_pad.o)
    0x080045ca   0x080045ca   0x00000002   PAD
    0x080045cc   0x080045cc   0x00000078   Code   RO          136    .text               c_w.l(_printf_dec.o)
    0x08004644   0x08004644   0x00000138   Code   RO          145    .text               c_w.l(__printf_flags_wp.o)
    0x0800477c   0x0800477c   0x00000006   Code   RO          152    .text               c_w.l(heapauxi.o)
    0x08004782   0x08004782   0x000000b2   Code   RO          163    .text               c_w.l(_printf_intcommon.o)
    0x08004834   0x08004834   0x00000030   Code   RO          164    .text               c_w.l(_printf_char_common.o)
    0x08004864   0x08004864   0x0000000a   Code   RO          165    .text               c_w.l(_sputc.o)
    0x0800486e   0x0800486e   0x0000004a   Code   RO          186    .text               c_w.l(sys_stackheap_outer.o)
    0x080048b8   0x080048b8   0x00000012   Code   RO          187    .text               c_w.l(exit.o)
    0x080048ca   0x080048ca   0x00000002   PAD
    0x080048cc   0x080048cc   0x00000008   Code   RO          192    .text               c_w.l(libspace.o)
    0x080048d4   0x080048d4   0x0000000c   Code   RO          252    .text               c_w.l(sys_exit.o)
    0x080048e0   0x080048e0   0x00000002   Code   RO          260    .text               c_w.l(use_no_semi.o)
    0x080048e2   0x080048e2   0x00000000   Code   RO          261    .text               c_w.l(indicate_semi.o)
    0x080048e2   0x080048e2   0x0000000e   Code   RO          144    i._is_digit         c_w.l(__printf_wp.o)
    0x080048f0   0x080048f0   0x00000184   Code   RO          155    x$fpl$fdiv          fz_ws.l(fdiv.o)
    0x08004a74   0x08004a74   0x00000036   Code   RO          156    x$fpl$ffix          fz_ws.l(ffix.o)
    0x08004aaa   0x08004aaa   0x00000002   PAD
    0x08004aac   0x08004aac   0x00000026   Code   RO          158    x$fpl$ffltu         fz_ws.l(fflt_clz.o)
    0x08004ad2   0x08004ad2   0x00000002   PAD
    0x08004ad4   0x08004ad4   0x00000102   Code   RO          161    x$fpl$fmul          fz_ws.l(fmul.o)
    0x08004bd6   0x08004bd6   0x0000008c   Code   RO          167    x$fpl$fnaninf       fz_ws.l(fnaninf.o)
    0x08004c62   0x08004c62   0x0000000a   Code   RO          168    x$fpl$fretinf       fz_ws.l(fretinf.o)
    0x08004c6c   0x08004c6c   0x00000000   Code   RO          169    x$fpl$usenofp       fz_ws.l(usenofp.o)
    0x08004c6c   0x08004c6c   0x00000011   Data   RO          146    .constdata          c_w.l(__printf_flags_wp.o)
    0x08004c7d   0x08004c7d   0x00000001   PAD
    0x08004c7e   0x08004c7e   0x0000000c   Data   RO           23    .rodata..L__const.up_or_down.up_down  bldc.o
    0x08004c8a   0x08004c8a   0x00000002   PAD
    0x08004c8c   0x08004c8c   0x0000000c   Data   RO           67    .rodata..Lswitch.table.CheckGeneralValue  commsmasterslave.o
    0x08004c98   0x08004c98   0x0000000c   Data   RO          100    .rodata..Lswitch.table.gpio_deinit.1  gd32f1x0_gpio.o
    0x08004ca4   0x08004ca4   0x00000008   Data   RO          114    .rodata.cst8        gd32f1x0_rcu.o
    0x08004cac   0x08004cac   0x00000008   Data   RO           24    .rodata.hall_to_pos  bldc.o
    0x08004cb4   0x08004cb4   0x0000000a   Data   RO           56    .rodata.str1.1      commsbluetooth.o
    0x08004cbe   0x08004cbe   0x00000040   Data   RO           86    .rodata.su8BrightnessTable  led.o
    0x08004cfe   0x08004cfe   0x00000002   PAD
    0x08004d00   0x08004d00   0x00000020   Data   RO          298    Region$$Table       anon$$obj.o


    Execution Region RW_IRAM1 (Exec base: 0x20000000, Load base: 0x08004d20, Size: 0x00000980, Max: 0x00002000, ABSOLUTE)

    Exec Addr    Load Addr    Size         Type   Attr      Idx    E Section Name        Object

    0x20000000   0x08004d20   0x00000004   Data   RW          129    .data.SystemCoreClock  system_gd32f1x0.o
    0x20000004   0x08004d24   0x00000004   Data   RW            9    .data.batteryVoltage  bldc.o
    0x20000008   0x08004d28   0x00000001   Data   RW           85    .data.brightnessValue  led.o
    0x20000009   0x08004d29   0x00000001   PAD
    0x2000000a   0x08004d2a   0x00000002   Data   RW           65    .data.iReceivePos   commsmasterslave.o
    0x2000000c   0x08004d2c   0x00000002   Data   RW           17    .data.offsetdc      bldc.o
    0x2000000e   0x08004d2e   0x00000001   Data   RW           84    .data.saturationValue  led.o
    0x2000000f   0x08004d2f   0x00000001   PAD
    0x20000010   0x08004d30   0x00000002   Data   RW           88    .data.speedBlink    led.o
    0x20000012   0x08004d32   0x00000002   Data   RW           87    .data.speedFading   led.o
    0x20000014   0x08004d34   0x00000002   Data   RW           89    .data.speedStrobe   led.o
    0x20000016   0x08004d36   0x00000002   PAD
    0x20000018        -       0x00000060   Zero   RW          193    .bss                c_w.l(libspace.o)
    0x20000078        -       0x00000009   Zero   RW           66    .bss.aReceiveBuffer  commsmasterslave.o
    0x20000081   0x08004d36   0x00000001   PAD
    0x20000082        -       0x00000004   Zero   RW           25    .bss.adc_buffer     bldc.o
    0x20000086        -       0x00000002   Zero   RW           61    .bss.batteryMaster  commsmasterslave.o
    0x20000088        -       0x00000001   Zero   RW           64    .bss.beepsBackwardsMaster  commsmasterslave.o
    0x20000089        -       0x00000001   Zero   RW           13    .bss.bldc_enable    bldc.o
    0x2000008a        -       0x00000002   Zero   RW           12    .bss.bldc_inputFilterPwm  bldc.o
    0x2000008c        -       0x00000002   Zero   RW           14    .bss.bldc_outputFilterPwm  bldc.o
    0x2000008e        -       0x00000002   Zero   RW           79    .bss.blinkCounter   led.o
    0x20000090        -       0x00000001   Zero   RW           20    .bss.buzzerFreq     bldc.o
    0x20000091        -       0x00000001   Zero   RW           21    .bss.buzzerPattern  bldc.o
    0x20000092        -       0x00000002   Zero   RW           15    .bss.buzzerTimer    bldc.o
    0x20000094        -       0x00000001   Zero   RW           19    .bss.buzzerToggle   bldc.o
    0x20000095        -       0x00000001   Zero   RW           74    .bss.counter_Blue   led.o
    0x20000096        -       0x00000001   Zero   RW           73    .bss.counter_Green  led.o
    0x20000097        -       0x00000001   Zero   RW           72    .bss.counter_Red    led.o
    0x20000098        -       0x00000004   Zero   RW           10    .bss.currentDC      bldc.o
    0x2000009c        -       0x00000002   Zero   RW           60    .bss.currentDCMaster  commsmasterslave.o
    0x2000009e   0x08004d36   0x00000002   PAD
    0x200000a0        -       0x00000024   Zero   RW           39    .bss.dma_init_struct_adc  setup.o
    0x200000c4        -       0x00000024   Zero   RW           40    .bss.dma_init_struct_usart  setup.o
    0x200000e8        -       0x00000002   Zero   RW           78    .bss.fadingCounter  led.o
    0x200000ea   0x08004d36   0x00000002   PAD
    0x200000ec        -       0x00000004   Zero   RW           31    .bss.filter_reg     bldc.o
    0x200000f0        -       0x00000001   Zero   RW           29    .bss.hall           bldc.o
    0x200000f1        -       0x00000001   Zero   RW           27    .bss.hall_a         bldc.o
    0x200000f2        -       0x00000001   Zero   RW           28    .bss.hall_b         bldc.o
    0x200000f3        -       0x00000001   Zero   RW           26    .bss.hall_c         bldc.o
    0x200000f4        -       0x00000004   Zero   RW           47    .bss.hornCounter_ms  it.o
    0x200000f8        -       0x00000002   Zero   RW           83    .bss.hueValue       led.o
    0x200000fa   0x08004d36   0x00000002   PAD
    0x200000fc        -       0x00000004   Zero   RW           22    .bss.iOdom          bldc.o
    0x20000100        -       0x00000001   Zero   RW           32    .bss.lastPos        bldc.o
    0x20000101        -       0x00000001   Zero   RW           71    .bss.lowerLEDMaster  led.o
    0x20000102        -       0x00000001   Zero   RW           63    .bss.mosfetOutMaster  commsmasterslave.o
    0x20000103   0x08004d36   0x00000001   PAD
    0x20000104        -       0x00000004   Zero   RW           48    .bss.msTicks        it.o
    0x20000108        -       0x00000002   Zero   RW           16    .bss.offsetcount    bldc.o
    0x2000010a        -       0x00000001   Zero   RW           30    .bss.pos            bldc.o
    0x2000010b   0x08004d36   0x00000001   PAD
    0x2000010c        -       0x00000004   Zero   RW           11    .bss.realSpeed      bldc.o
    0x20000110        -       0x00000002   Zero   RW           62    .bss.realSpeedMaster  commsmasterslave.o
    0x20000112        -       0x00000001   Zero   RW           54    .bss.sBluetoothRecord  commsbluetooth.o
    0x20000113        -       0x00000001   Zero   RW           82    .bss.sLEDProgram    led.o
    0x20000114        -       0x0000000b   Zero   RW           55    .bss.sUSARTBluetoothRecordBuffer  commsbluetooth.o
    0x2000011f        -       0x00000001   Zero   RW           53    .bss.sUSARTBluetoothRecordBufferCounter  commsbluetooth.o
    0x20000120        -       0x00000001   Zero   RW           77    .bss.setValue_Blue  led.o
    0x20000121        -       0x00000001   Zero   RW           76    .bss.setValue_Green  led.o
    0x20000122        -       0x00000001   Zero   RW           75    .bss.setValue_Red   led.o
    0x20000123   0x08004d36   0x00000001   PAD
    0x20000124        -       0x00000004   Zero   RW           18    .bss.speedCounter   bldc.o
    0x20000128        -       0x00000004   Zero   RW            3    .bss.steerCounter   main.o
    0x2000012c        -       0x00000002   Zero   RW           80    .bss.strobeCounter  led.o
    0x2000012e        -       0x00000001   Zero   RW           81    .bss.strobeToggle   led.o
    0x2000012f        -       0x00000001   Zero   RW           46    .bss.timedOut       it.o
    0x20000130        -       0x00000004   Zero   RW           45    .bss.timeoutCounter_ms  it.o
    0x20000134        -       0x00000010   Zero   RW           35    .bss.timeoutTimer_paramter_struct  setup.o
    0x20000144        -       0x00000018   Zero   RW           38    .bss.timerBldc_break_parameter_struct  setup.o
    0x2000015c        -       0x00000010   Zero   RW           37    .bss.timerBldc_oc_parameter_struct  setup.o
    0x2000016c        -       0x00000010   Zero   RW           36    .bss.timerBldc_paramter_struct  setup.o
    0x2000017c        -       0x00000001   Zero   RW           70    .bss.upperLEDMaster  led.o
    0x2000017d        -       0x00000001   Zero   RW           41    .bss.usartMasterSlave_rx_buf  setup.o
    0x2000017e        -       0x00000001   Zero   RW           42    .bss.usartSteer_COM_rx_buf  setup.o
    0x2000017f   0x08004d36   0x00000001   PAD
    0x20000180        -       0x00000400   Zero   RW          124    HEAP                startup_gd32f1x0.o
    0x20000580        -       0x00000400   Zero   RW          123    STACK               startup_gd32f1x0.o


==============================================================================

Image component sizes


      Code (inc. data)   RO Data    RW Data    ZI Data      Debug   Object Name

      1028         12         20          6         42          0   bldc.o
       108          0          0          0          0          0   comms.o
       798         26         10          0         13          0   commsbluetooth.o
       632          0         12          2         17          0   commsmasterslave.o
      1446         16          0          0          0          0   gd32f1x0_adc.o
       844          8          0          0          0          0   gd32f1x0_dma.o
       218          0          0          0          0          0   gd32f1x0_fwdgt.o
       408          0         12          0          0          0   gd32f1x0_gpio.o
       304          0          0          0          0          0   gd32f1x0_misc.o
      1840         34          8          0          0          0   gd32f1x0_rcu.o
      3424         44          0          0          0          0   gd32f1x0_timer.o
      1598          8          0          0          0          0   gd32f1x0_usart.o
       338          0          0          0         13          0   it.o
      1668          0         64          8         18          0   led.o
       214          0          0          0          4          0   main.o
      1964          0          0          0        146          0   setup.o
        64         26        360          0       2048          0   startup_gd32f1x0.o
       316         16          0          4          0          0   system_gd32f1x0.o

    ----------------------------------------------------------------------
     17224        190        522         24       2312          0   Object Totals
         0          0         32          0          0          0   (incl. Generated)
        12          0          4          4         11          0   (incl. Padding)

    ----------------------------------------------------------------------

      Code (inc. data)   RO Data    RW Data    ZI Data      Debug   Library Member Name

         8          0          0          0          0          0   __main.o
       312          4         17          0          0          0   __printf_flags_wp.o
        14          0          0          0          0          0   __printf_wp.o
         0          0          0          0          0          0   __rtentry.o
        12          0          0          0          0          0   __rtentry2.o
         6          0          0          0          0          0   __rtentry4.o
        52          8          0          0          0          0   __scatter.o
        26          0          0          0          0          0   __scatter_copy.o
        28          0          0          0          0          0   __scatter_zi.o
        48          6          0          0          0          0   _printf_char_common.o
         6          0          0          0          0          0   _printf_d.o
       120         16          0          0          0          0   _printf_dec.o
       178          0          0          0          0          0   _printf_intcommon.o
        78          0          0          0          0          0   _printf_pad.o
         0          0          0          0          0          0   _printf_percent.o
         4          0          0          0          0          0   _printf_percent_end.o
        10          0          0          0          0          0   _sputc.o
        18          0          0          0          0          0   exit.o
         6          0          0          0          0          0   heapauxi.o
         0          0          0          0          0          0   indicate_semi.o
         2          0          0          0          0          0   libinit.o
         2          0          0          0          0          0   libinit2.o
         2          0          0          0          0          0   libshutdown.o
         2          0          0          0          0          0   libshutdown2.o
         8          4          0          0         96          0   libspace.o
        40          6          0          0          0          0   noretval__2sprintf.o
         2          0          0          0          0          0   rtexit.o
        10          0          0          0          0          0   rtexit2.o
        12          4          0          0          0          0   sys_exit.o
        74          0          0          0          0          0   sys_stackheap_outer.o
         2          0          0          0          0          0   use_no_semi.o
       388         76          0          0          0          0   fdiv.o
        54          4          0          0          0          0   ffix.o
        38          0          0          0          0          0   fflt_clz.o
       258          4          0          0          0          0   fmul.o
       140          4          0          0          0          0   fnaninf.o
        10          0          0          0          0          0   fretinf.o
         0          0          0          0          0          0   usenofp.o

    ----------------------------------------------------------------------
      1980        136         18          0         96          0   Library Totals
        10          0          1          0          0          0   (incl. Padding)

    ----------------------------------------------------------------------

      Code (inc. data)   RO Data    RW Data    ZI Data      Debug   Library Name

      1082         48         17          0         96          0   c_w.l
       888         88          0          0          0          0   fz_ws.l

    ----------------------------------------------------------------------
      1980        136         18          0         96          0   Library Totals

    ----------------------------------------------------------------------

==============================================================================


      Code (inc. data)   RO Data    RW Data    ZI Data      Debug   

     19204        326        540         24       2408          0   Grand Totals
     19204        326        540         24       2408          0   ELF Image Totals
     19204        326        540         24          0          0   ROM Totals

==============================================================================

    Total RO  Size (Code + RO Data)                19744 (  19.28kB)
    Total RW  Size (RW Data + ZI Data)              2432 (   2.38kB)
    Total ROM Size (Code + RO Data + RW Data)      19768 (  19.30kB)

==============================================================================

